Archive member included to satisfy reference by file (symbol)

/home/administrator/st/stm32cubeclt_1.19.0_3/GNU-tools-for-STM32/bin/../lib/gcc/arm-none-eabi/13.3.1/../../../../arm-none-eabi/lib/thumb/v7e-m+fp/hard/libg_nano.a(libc_a-exit.o)
                              /home/administrator/st/stm32cubeclt_1.19.0_3/GNU-tools-for-STM32/bin/../lib/gcc/arm-none-eabi/13.3.1/../../../../arm-none-eabi/lib/thumb/v7e-m+fp/hard/crt0.o (exit)
/home/administrator/st/stm32cubeclt_1.19.0_3/GNU-tools-for-STM32/bin/../lib/gcc/arm-none-eabi/13.3.1/../../../../arm-none-eabi/lib/thumb/v7e-m+fp/hard/libg_nano.a(libc_a-nano-vfprintf_float.o)
                              (_printf_float)
/home/administrator/st/stm32cubeclt_1.19.0_3/GNU-tools-for-STM32/bin/../lib/gcc/arm-none-eabi/13.3.1/../../../../arm-none-eabi/lib/thumb/v7e-m+fp/hard/libg_nano.a(libc_a-nano-vfprintf_i.o)
                              /home/administrator/st/stm32cubeclt_1.19.0_3/GNU-tools-for-STM32/bin/../lib/gcc/arm-none-eabi/13.3.1/../../../../arm-none-eabi/lib/thumb/v7e-m+fp/hard/libg_nano.a(libc_a-nano-vfprintf_float.o) (_printf_common)
/home/administrator/st/stm32cubeclt_1.19.0_3/GNU-tools-for-STM32/bin/../lib/gcc/arm-none-eabi/13.3.1/../../../../arm-none-eabi/lib/thumb/v7e-m+fp/hard/libg_nano.a(libc_a-findfp.o)
                              /home/administrator/st/stm32cubeclt_1.19.0_3/GNU-tools-for-STM32/bin/../lib/gcc/arm-none-eabi/13.3.1/../../../../arm-none-eabi/lib/thumb/v7e-m+fp/hard/libg_nano.a(libc_a-exit.o) (__stdio_exit_handler)
/home/administrator/st/stm32cubeclt_1.19.0_3/GNU-tools-for-STM32/bin/../lib/gcc/arm-none-eabi/13.3.1/../../../../arm-none-eabi/lib/thumb/v7e-m+fp/hard/libg_nano.a(libc_a-fwalk.o)
                              /home/administrator/st/stm32cubeclt_1.19.0_3/GNU-tools-for-STM32/bin/../lib/gcc/arm-none-eabi/13.3.1/../../../../arm-none-eabi/lib/thumb/v7e-m+fp/hard/libg_nano.a(libc_a-findfp.o) (_fwalk_sglue)
/home/administrator/st/stm32cubeclt_1.19.0_3/GNU-tools-for-STM32/bin/../lib/gcc/arm-none-eabi/13.3.1/../../../../arm-none-eabi/lib/thumb/v7e-m+fp/hard/libg_nano.a(libc_a-printf.o)
                              CMakeFiles/lab2.dir/Core/Src/main.c.obj (printf)
/home/administrator/st/stm32cubeclt_1.19.0_3/GNU-tools-for-STM32/bin/../lib/gcc/arm-none-eabi/13.3.1/../../../../arm-none-eabi/lib/thumb/v7e-m+fp/hard/libg_nano.a(libc_a-stdio.o)
                              /home/administrator/st/stm32cubeclt_1.19.0_3/GNU-tools-for-STM32/bin/../lib/gcc/arm-none-eabi/13.3.1/../../../../arm-none-eabi/lib/thumb/v7e-m+fp/hard/libg_nano.a(libc_a-findfp.o) (__sread)
/home/administrator/st/stm32cubeclt_1.19.0_3/GNU-tools-for-STM32/bin/../lib/gcc/arm-none-eabi/13.3.1/../../../../arm-none-eabi/lib/thumb/v7e-m+fp/hard/libg_nano.a(libc_a-vsnprintf.o)
                              CMakeFiles/lab2.dir/Core/Src/main.c.obj (vsnprintf)
/home/administrator/st/stm32cubeclt_1.19.0_3/GNU-tools-for-STM32/bin/../lib/gcc/arm-none-eabi/13.3.1/../../../../arm-none-eabi/lib/thumb/v7e-m+fp/hard/libg_nano.a(libc_a-memset.o)
                              /home/administrator/st/stm32cubeclt_1.19.0_3/GNU-tools-for-STM32/bin/../lib/gcc/arm-none-eabi/13.3.1/../../../../arm-none-eabi/lib/thumb/v7e-m+fp/hard/crt0.o (memset)
/home/administrator/st/stm32cubeclt_1.19.0_3/GNU-tools-for-STM32/bin/../lib/gcc/arm-none-eabi/13.3.1/../../../../arm-none-eabi/lib/thumb/v7e-m+fp/hard/libg_nano.a(libc_a-localeconv.o)
                              /home/administrator/st/stm32cubeclt_1.19.0_3/GNU-tools-for-STM32/bin/../lib/gcc/arm-none-eabi/13.3.1/../../../../arm-none-eabi/lib/thumb/v7e-m+fp/hard/libg_nano.a(libc_a-nano-vfprintf_float.o) (_localeconv_r)
/home/administrator/st/stm32cubeclt_1.19.0_3/GNU-tools-for-STM32/bin/../lib/gcc/arm-none-eabi/13.3.1/../../../../arm-none-eabi/lib/thumb/v7e-m+fp/hard/libg_nano.a(libc_a-closer.o)
                              /home/administrator/st/stm32cubeclt_1.19.0_3/GNU-tools-for-STM32/bin/../lib/gcc/arm-none-eabi/13.3.1/../../../../arm-none-eabi/lib/thumb/v7e-m+fp/hard/libg_nano.a(libc_a-stdio.o) (_close_r)
/home/administrator/st/stm32cubeclt_1.19.0_3/GNU-tools-for-STM32/bin/../lib/gcc/arm-none-eabi/13.3.1/../../../../arm-none-eabi/lib/thumb/v7e-m+fp/hard/libg_nano.a(libc_a-reent.o)
                              /home/administrator/st/stm32cubeclt_1.19.0_3/GNU-tools-for-STM32/bin/../lib/gcc/arm-none-eabi/13.3.1/../../../../arm-none-eabi/lib/thumb/v7e-m+fp/hard/libg_nano.a(libc_a-closer.o) (errno)
/home/administrator/st/stm32cubeclt_1.19.0_3/GNU-tools-for-STM32/bin/../lib/gcc/arm-none-eabi/13.3.1/../../../../arm-none-eabi/lib/thumb/v7e-m+fp/hard/libg_nano.a(libc_a-impure.o)
                              /home/administrator/st/stm32cubeclt_1.19.0_3/GNU-tools-for-STM32/bin/../lib/gcc/arm-none-eabi/13.3.1/../../../../arm-none-eabi/lib/thumb/v7e-m+fp/hard/libg_nano.a(libc_a-printf.o) (_impure_ptr)
[...]
Memory Configuration

Name             Origin             Length             Attributes
RAM              0x20000000         0x0000a000         xrw
CCMRAM           0x10000000         0x00002000         xrw
FLASH            0x08000000         0x00040000         xr
*default*        0x00000000         0xffffffff

Linker script and memory map

LOAD /home/administrator/st/stm32cubeclt_1.19.0_3/GNU-tools-for-STM32/bin/../lib/gcc/arm-none-eabi/13.3.1/thumb/v7e-m+fp/hard/crti.o
LOAD /home/administrator/st/stm32cubeclt_1.19.0_3/GNU-tools-for-STM32/bin/../lib/gcc/arm-none-eabi/13.3.1/thumb/v7e-m+fp/hard/crtbegin.o
LOAD /home/administrator/st/stm32cubeclt_1.19.0_3/GNU-tools-for-STM32/bin/../lib/gcc/arm-none-eabi/13.3.1/../../../../arm-none-eabi/lib/thumb/v7e-m+fp/hard/crt0.o
LOAD cmake/stm32cubemx/CMakeFiles/STM32_Drivers.dir/__/__/Core/Src/system_stm32f3xx.c.obj
LOAD cmake/stm32cubemx/CMakeFiles/STM32_Drivers.dir/__/__/Drivers/STM32F3xx_HAL_Driver/Src/stm32f3xx_ll_usb.c.obj
LOAD cmake/stm32cubemx/CMakeFiles/STM32_Drivers.dir/__/__/Drivers/STM32F3xx_HAL_Driver/Src/stm32f3xx_hal_i2c.c.obj
LOAD cmake/stm32cubemx/CMakeFiles/STM32_Drivers.dir/__/__/Drivers/STM32F3xx_HAL_Driver/Src/stm32f3xx_hal_i2c_ex.c.obj
LOAD cmake/stm32cubemx/CMakeFiles/STM32_Drivers.dir/__/__/Drivers/STM32F3xx_HAL_Driver/Src/stm32f3xx_hal.c.obj
LOAD cmake/stm32cubemx/CMakeFiles/STM32_Drivers.dir/__/__/Drivers/STM32F3xx_HAL_Driver/Src/stm32f3xx_hal_rcc.c.obj
LOAD cmake/stm32cubemx/CMakeFiles/STM32_Drivers.dir/__/__/Drivers/STM32F3xx_HAL_Driver/Src/stm32f3xx_hal_rcc_ex.c.obj
LOAD cmake/stm32cubemx/CMakeFiles/STM32_Drivers.dir/__/__/Drivers/STM32F3xx_HAL_Driver/Src/stm32f3xx_hal_gpio.c.obj
LOAD cmake/stm32cubemx/CMakeFiles/STM32_Drivers.dir/__/__/Drivers/STM32F3xx_HAL_Driver/Src/stm32f3xx_hal_dma.c.obj
LOAD cmake/stm32cubemx/CMakeFiles/STM32_Drivers.dir/__/__/Drivers/STM32F3xx_HAL_Driver/Src/stm32f3xx_hal_cortex.c.obj
LOAD cmake/stm32cubemx/CMakeFiles/STM32_Drivers.dir/__/__/Drivers/STM32F3xx_HAL_Driver/Src/stm32f3xx_hal_pwr.c.obj
LOAD cmake/stm32cubemx/CMakeFiles/STM32_Drivers.dir/__/__/Drivers/STM32F3xx_HAL_Driver/Src/stm32f3xx_hal_pwr_ex.c.obj
LOAD cmake/stm32cubemx/CMakeFiles/STM32_Drivers.dir/__/__/Drivers/STM32F3xx_HAL_Driver/Src/stm32f3xx_hal_flash.c.obj
LOAD cmake/stm32cubemx/CMakeFiles/STM32_Drivers.dir/__/__/Drivers/STM32F3xx_HAL_Driver/Src/stm32f3xx_hal_flash_ex.c.obj
LOAD cmake/stm32cubemx/CMakeFiles/STM32_Drivers.dir/__/__/Drivers/STM32F3xx_HAL_Driver/Src/stm32f3xx_hal_exti.c.obj
LOAD cmake/stm32cubemx/CMakeFiles/STM32_Drivers.dir/__/__/Drivers/STM32F3xx_HAL_Driver/Src/stm32f3xx_hal_spi.c.obj
LOAD cmake/stm32cubemx/CMakeFiles/STM32_Drivers.dir/__/__/Drivers/STM32F3xx_HAL_Driver/Src/stm32f3xx_hal_spi_ex.c.obj
LOAD cmake/stm32cubemx/CMakeFiles/STM32_Drivers.dir/__/__/Drivers/STM32F3xx_HAL_Driver/Src/stm32f3xx_hal_uart.c.obj
LOAD cmake/stm32cubemx/CMakeFiles/STM32_Drivers.dir/__/__/Drivers/STM32F3xx_HAL_Driver/Src/stm32f3xx_hal_uart_ex.c.obj
LOAD cmake/stm32cubemx/CMakeFiles/STM32_Drivers.dir/__/__/Drivers/STM32F3xx_HAL_Driver/Src/stm32f3xx_hal_pcd.c.obj
LOAD cmake/stm32cubemx/CMakeFiles/STM32_Drivers.dir/__/__/Drivers/STM32F3xx_HAL_Driver/Src/stm32f3xx_hal_pcd_ex.c.obj
LOAD CMakeFiles/lab2.dir/Core/Src/main.c.obj
LOAD CMakeFiles/lab2.dir/Core/Src/stm32f3xx_it.c.obj
LOAD CMakeFiles/lab2.dir/Core/Src/stm32f3xx_hal_msp.c.obj
LOAD CMakeFiles/lab2.dir/Core/Src/sysmem.c.obj
LOAD CMakeFiles/lab2.dir/Core/Src/syscalls.c.obj
LOAD CMakeFiles/lab2.dir/startup_stm32f303xc.s.obj
LOAD /home/administrator/st/stm32cubeclt_1.19.0_3/GNU-tools-for-STM32/bin/../lib/gcc/arm-none-eabi/13.3.1/../../../../arm-none-eabi/lib/thumb/v7e-m+fp/hard/libm.a
START GROUP
LOAD /home/administrator/st/stm32cubeclt_1.19.0_3/GNU-tools-for-STM32/bin/../lib/gcc/arm-none-eabi/13.3.1/thumb/v7e-m+fp/hard/libgcc.a
LOAD /home/administrator/st/stm32cubeclt_1.19.0_3/GNU-tools-for-STM32/bin/../lib/gcc/arm-none-eabi/13.3.1/../../../../arm-none-eabi/lib/thumb/v7e-m+fp/hard/libg_nano.a
LOAD /home/administrator/st/stm32cubeclt_1.19.0_3/GNU-tools-for-STM32/bin/../lib/gcc/arm-none-eabi/13.3.1/../../../../arm-none-eabi/lib/thumb/v7e-m+fp/hard/libc_nano.a
END GROUP
START GROUP
LOAD /home/administrator/st/stm32cubeclt_1.19.0_3/GNU-tools-for-STM32/bin/../lib/gcc/arm-none-eabi/13.3.1/thumb/v7e-m+fp/hard/libgcc.a
LOAD /home/administrator/st/stm32cubeclt_1.19.0_3/GNU-tools-for-STM32/bin/../lib/gcc/arm-none-eabi/13.3.1/../../../../arm-none-eabi/lib/thumb/v7e-m+fp/hard/libc_nano.a
END GROUP
LOAD /home/administrator/st/stm32cubeclt_1.19.0_3/GNU-tools-for-STM32/bin/../lib/gcc/arm-none-eabi/13.3.1/thumb/v7e-m+fp/hard/crtend.o
LOAD /home/administrator/st/stm32cubeclt_1.19.0_3/GNU-tools-for-STM32/bin/../lib/gcc/arm-none-eabi/13.3.1/thumb/v7e-m+fp/hard/crtn.o
                0x2000a000                        _estack = (ORIGIN (RAM) + LENGTH (RAM))
                0x00000200                        _Min_Heap_Size = 0x200
                0x00000400                        _Min_Stack_Size = 0x400

.isr_vector     0x08000000      0x188
                0x08000000                        . = ALIGN (0x4)
 *(.isr_vector)
 .isr_vector    0x08000000      0x188 CMakeFiles/lab2.dir/startup_stm32f303xc.s.obj
                0x08000000                g_pfnVectors
                0x08000188                        . = ALIGN (0x4)

.text           0x08000190     0x6f54
                0x08000190                        . = ALIGN (0x4)
 *(.text)
 .text          0x08000190       0x40 /home/administrator/st/stm32cubeclt_1.19.0_3/GNU-tools-for-STM32/bin/../lib/gcc/arm-none-eabi/13.3.1/thumb/v7e-m+fp/hard/crtbegin.o
 .text          0x080001d0       0xa0 /home/administrator/st/stm32cubeclt_1.19.0_3/GNU-tools-for-STM32/bin/../lib/gcc/arm-none-eabi/13.3.1/../../../../arm-none-eabi/lib/thumb/v7e-m+fp/hard/libg_nano.a(libc_a-memchr.o)
                0x080001d0                memchr
 .text          0x08000270       0x10 /home/administrator/st/stm32cubeclt_1.19.0_3/GNU-tools-for-STM32/bin/../lib/gcc/arm-none-eabi/13.3.1/../../../../arm-none-eabi/lib/thumb/v7e-m+fp/hard/libg_nano.a(libc_a-strlen.o)
                0x08000270                strlen
 .text          0x08000280      0x378 /home/administrator/st/stm32cubeclt_1.19.0_3/GNU-tools-for-STM32/bin/../lib/gcc/arm-none-eabi/13.3.1/thumb/v7e-m+fp/hard/libgcc.a(_arm_addsubdf3.o)
                0x08000280                __aeabi_drsub
                0x08000288                __aeabi_dsub
                0x08000288                __subdf3
                0x0800028c                __adddf3
                0x0800028c                __aeabi_dadd
                0x08000504                __aeabi_ui2d
                0x08000504                __floatunsidf
                0x08000524                __floatsidf
                0x08000524                __aeabi_i2d
                0x08000548                __extendsfdf2
                0x08000548                __aeabi_f2d
                0x0800058c                __aeabi_ul2d
                0x0800058c                __floatundidf
                0x0800059c                __floatdidf
                0x0800059c                __aeabi_l2d
 .text          0x080005f8      0x424 /home/administrator/st/stm32cubeclt_1.19.0_3/GNU-tools-for-STM32/bin/../lib/gcc/arm-none-eabi/13.3.1/thumb/v7e-m+fp/hard/libgcc.a(_arm_muldivdf3.o)
                0x080005f8                __aeabi_dmul
                0x080005f8                __muldf3
                0x0800084c                __aeabi_ddiv
                0x0800084c                __divdf3
 .text          0x08000a1c      0x110 /home/administrator/st/stm32cubeclt_1.19.0_3/GNU-tools-for-STM32/bin/../lib/gcc/arm-none-eabi/13.3.1/thumb/v7e-m+fp/hard/libgcc.a(_arm_cmpdf2.o)
                0x08000a1c                __gtdf2
                0x08000a1c                __gedf2
                0x08000a24                __ltdf2
                0x08000a24                __ledf2
                0x08000a2c                __cmpdf2
                0x08000a2c                __eqdf2
                0x08000a2c                __nedf2
                0x08000aa8                __aeabi_cdrcmple
                0x08000ab8                __aeabi_cdcmple
                0x08000ab8                __aeabi_cdcmpeq
                0x08000ac8                __aeabi_dcmpeq
                0x08000adc                __aeabi_dcmplt
                0x08000af0                __aeabi_dcmple
                0x08000b04                __aeabi_dcmpge
                0x08000b18                __aeabi_dcmpgt
 .text          0x08000b2c       0x2c /home/administrator/st/stm32cubeclt_1.19.0_3/GNU-tools-for-STM32/bin/../lib/gcc/arm-none-eabi/13.3.1/thumb/v7e-m+fp/hard/libgcc.a(_arm_unorddf2.o)
                0x08000b2c                __aeabi_dcmpun
                0x08000b2c                __unorddf2
 .text          0x08000b58       0x50 /home/administrator/st/stm32cubeclt_1.19.0_3/GNU-tools-for-STM32/bin/../lib/gcc/arm-none-eabi/13.3.1/thumb/v7e-m+fp/hard/libgcc.a(_arm_fixdfsi.o)
                0x08000b58                __fixdfsi
                0x08000b58                __aeabi_d2iz
 *(.text*)
 .text.SystemInit
                0x08000ba8       0x24 cmake/stm32cubemx/CMakeFiles/STM32_Drivers.dir/__/__/Core/Src/system_stm32f3xx.c.obj
                0x08000ba8                SystemInit
 .text.USB_DisableGlobalInt
                0x08000bcc       0x36 cmake/stm32cubemx/CMakeFiles/STM32_Drivers.dir/__/__/Drivers/STM32F3xx_HAL_Driver/Src/stm32f3xx_ll_usb.c.obj
                0x08000bcc                USB_DisableGlobalInt
 .text.USB_DevInit
                0x08000c02       0x3c cmake/stm32cubemx/CMakeFiles/STM32_Drivers.dir/__/__/Drivers/STM32F3xx_HAL_Driver/Src/stm32f3xx_ll_usb.c.obj
                0x08000c02                USB_DevInit
 .text.HAL_I2C_Init
                0x08000c3e      0x136 cmake/stm32cubemx/CMakeFiles/STM32_Drivers.dir/__/__/Drivers/STM32F3xx_HAL_Driver/Src/stm32f3xx_hal_i2c.c.obj
                0x08000c3e                HAL_I2C_Init
 .text.HAL_I2CEx_ConfigAnalogFilter
                0x08000d74       0x96 cmake/stm32cubemx/CMakeFiles/STM32_Drivers.dir/__/__/Drivers/STM32F3xx_HAL_Driver/Src/stm32f3xx_hal_i2c_ex.c.obj
                0x08000d74                HAL_I2CEx_ConfigAnalogFilter
 .text.HAL_I2CEx_ConfigDigitalFilter
                0x08000e0a       0x98 cmake/stm32cubemx/CMakeFiles/STM32_Drivers.dir/__/__/Drivers/STM32F3xx_HAL_Driver/Src/stm32f3xx_hal_i2c_ex.c.obj
                0x08000e0a                HAL_I2CEx_ConfigDigitalFilter
 *fill*         0x08000ea2        0x2 
 .text.HAL_Init
                0x08000ea4       0x2c cmake/stm32cubemx/CMakeFiles/STM32_Drivers.dir/__/__/Drivers/STM32F3xx_HAL_Driver/Src/stm32f3xx_hal.c.obj
                0x08000ea4                HAL_Init
 .text.HAL_InitTick
                0x08000ed0       0x60 cmake/stm32cubemx/CMakeFiles/STM32_Drivers.dir/__/__/Drivers/STM32F3xx_HAL_Driver/Src/stm32f3xx_hal.c.obj
                0x08000ed0                HAL_InitTick
 .text.HAL_IncTick
                0x08000f30       0x28 cmake/stm32cubemx/CMakeFiles/STM32_Drivers.dir/__/__/Drivers/STM32F3xx_HAL_Driver/Src/stm32f3xx_hal.c.obj
                0x08000f30                HAL_IncTick
 .text.HAL_GetTick
                0x08000f58       0x18 cmake/stm32cubemx/CMakeFiles/STM32_Drivers.dir/__/__/Drivers/STM32F3xx_HAL_Driver/Src/stm32f3xx_hal.c.obj
                0x08000f58                HAL_GetTick
 .text.HAL_Delay
                0x08000f70       0x48 cmake/stm32cubemx/CMakeFiles/STM32_Drivers.dir/__/__/Drivers/STM32F3xx_HAL_Driver/Src/stm32f3xx_hal.c.obj
                0x08000f70                HAL_Delay
 .text.HAL_RCC_OscConfig
                0x08000fb8     0x101c cmake/stm32cubemx/CMakeFiles/STM32_Drivers.dir/__/__/Drivers/STM32F3xx_HAL_Driver/Src/stm32f3xx_hal_rcc.c.obj
                0x08000fb8                HAL_RCC_OscConfig
 .text.HAL_RCC_ClockConfig
                0x08001fd4      0x2dc cmake/stm32cubemx/CMakeFiles/STM32_Drivers.dir/__/__/Drivers/STM32F3xx_HAL_Driver/Src/stm32f3xx_hal_rcc.c.obj
                0x08001fd4                HAL_RCC_ClockConfig
 .text.HAL_RCC_GetSysClockFreq
                0x080022b0       0xa8 cmake/stm32cubemx/CMakeFiles/STM32_Drivers.dir/__/__/Drivers/STM32F3xx_HAL_Driver/Src/stm32f3xx_hal_rcc.c.obj
                0x080022b0                HAL_RCC_GetSysClockFreq
 .text.HAL_RCC_GetHCLKFreq
                0x08002358       0x18 cmake/stm32cubemx/CMakeFiles/STM32_Drivers.dir/__/__/Drivers/STM32F3xx_HAL_Driver/Src/stm32f3xx_hal_rcc.c.obj
                0x08002358                HAL_RCC_GetHCLKFreq
 .text.HAL_RCC_GetPCLK1Freq
                0x08002370       0x44 cmake/stm32cubemx/CMakeFiles/STM32_Drivers.dir/__/__/Drivers/STM32F3xx_HAL_Driver/Src/stm32f3xx_hal_rcc.c.obj
                0x08002370                HAL_RCC_GetPCLK1Freq
 .text.HAL_RCC_GetPCLK2Freq
                0x080023b4       0x44 cmake/stm32cubemx/CMakeFiles/STM32_Drivers.dir/__/__/Drivers/STM32F3xx_HAL_Driver/Src/stm32f3xx_hal_rcc.c.obj
                0x080023b4                HAL_RCC_GetPCLK2Freq
 .text.HAL_RCCEx_PeriphCLKConfig
                0x080023f8      0x35c cmake/stm32cubemx/CMakeFiles/STM32_Drivers.dir/__/__/Drivers/STM32F3xx_HAL_Driver/Src/stm32f3xx_hal_rcc_ex.c.obj
                0x080023f8                HAL_RCCEx_PeriphCLKConfig
 .text.HAL_GPIO_Init
                0x08002754      0x2f4 cmake/stm32cubemx/CMakeFiles/STM32_Drivers.dir/__/__/Drivers/STM32F3xx_HAL_Driver/Src/stm32f3xx_hal_gpio.c.obj
                0x08002754                HAL_GPIO_Init
 .text.HAL_GPIO_WritePin
                0x08002a48       0x30 cmake/stm32cubemx/CMakeFiles/STM32_Drivers.dir/__/__/Drivers/STM32F3xx_HAL_Driver/Src/stm32f3xx_hal_gpio.c.obj
                0x08002a48                HAL_GPIO_WritePin
 .text.__NVIC_SetPriorityGrouping
                0x08002a78       0x48 cmake/stm32cubemx/CMakeFiles/STM32_Drivers.dir/__/__/Drivers/STM32F3xx_HAL_Driver/Src/stm32f3xx_hal_cortex.c.obj
 .text.__NVIC_GetPriorityGrouping
                0x08002ac0       0x1c cmake/stm32cubemx/CMakeFiles/STM32_Drivers.dir/__/__/Drivers/STM32F3xx_HAL_Driver/Src/stm32f3xx_hal_cortex.c.obj
 .text.__NVIC_SetPriority
                0x08002adc       0x54 cmake/stm32cubemx/CMakeFiles/STM32_Drivers.dir/__/__/Drivers/STM32F3xx_HAL_Driver/Src/stm32f3xx_hal_cortex.c.obj
 .text.NVIC_EncodePriority
                0x08002b30       0x66 cmake/stm32cubemx/CMakeFiles/STM32_Drivers.dir/__/__/Drivers/STM32F3xx_HAL_Driver/Src/stm32f3xx_hal_cortex.c.obj
 *fill*         0x08002b96        0x2 
 .text.SysTick_Config
                0x08002b98       0x44 cmake/stm32cubemx/CMakeFiles/STM32_Drivers.dir/__/__/Drivers/STM32F3xx_HAL_Driver/Src/stm32f3xx_hal_cortex.c.obj
 .text.HAL_NVIC_SetPriorityGrouping
                0x08002bdc       0x16 cmake/stm32cubemx/CMakeFiles/STM32_Drivers.dir/__/__/Drivers/STM32F3xx_HAL_Driver/Src/stm32f3xx_hal_cortex.c.obj
                0x08002bdc                HAL_NVIC_SetPriorityGrouping
 .text.HAL_NVIC_SetPriority
                0x08002bf2       0x38 cmake/stm32cubemx/CMakeFiles/STM32_Drivers.dir/__/__/Drivers/STM32F3xx_HAL_Driver/Src/stm32f3xx_hal_cortex.c.obj
                0x08002bf2                HAL_NVIC_SetPriority
 .text.HAL_SYSTICK_Config
                0x08002c2a       0x18 cmake/stm32cubemx/CMakeFiles/STM32_Drivers.dir/__/__/Drivers/STM32F3xx_HAL_Driver/Src/stm32f3xx_hal_cortex.c.obj
                0x08002c2a                HAL_SYSTICK_Config
 .text.HAL_SPI_Init
                0x08002c42      0x156 cmake/stm32cubemx/CMakeFiles/STM32_Drivers.dir/__/__/Drivers/STM32F3xx_HAL_Driver/Src/stm32f3xx_hal_spi.c.obj
                0x08002c42                HAL_SPI_Init
 .text.HAL_UART_Init
                0x08002d98       0x9c cmake/stm32cubemx/CMakeFiles/STM32_Drivers.dir/__/__/Drivers/STM32F3xx_HAL_Driver/Src/stm32f3xx_hal_uart.c.obj
                0x08002d98                HAL_UART_Init
 .text.HAL_UART_Transmit
                0x08002e34      0x112 cmake/stm32cubemx/CMakeFiles/STM32_Drivers.dir/__/__/Drivers/STM32F3xx_HAL_Driver/Src/stm32f3xx_hal_uart.c.obj
                0x08002e34                HAL_UART_Transmit
 *fill*         0x08002f46        0x2 
 .text.UART_SetConfig
                0x08002f48      0x3a8 cmake/stm32cubemx/CMakeFiles/STM32_Drivers.dir/__/__/Drivers/STM32F3xx_HAL_Driver/Src/stm32f3xx_hal_uart.c.obj
                0x08002f48                UART_SetConfig
 .text.UART_AdvFeatureConfig
                0x080032f0      0x144 cmake/stm32cubemx/CMakeFiles/STM32_Drivers.dir/__/__/Drivers/STM32F3xx_HAL_Driver/Src/stm32f3xx_hal_uart.c.obj
                0x080032f0                UART_AdvFeatureConfig
 .text.UART_CheckIdleState
                0x08003434      0x150 cmake/stm32cubemx/CMakeFiles/STM32_Drivers.dir/__/__/Drivers/STM32F3xx_HAL_Driver/Src/stm32f3xx_hal_uart.c.obj
                0x08003434                UART_CheckIdleState
 .text.UART_WaitOnFlagUntilTimeout
                0x08003584       0xda cmake/stm32cubemx/CMakeFiles/STM32_Drivers.dir/__/__/Drivers/STM32F3xx_HAL_Driver/Src/stm32f3xx_hal_uart.c.obj
                0x08003584                UART_WaitOnFlagUntilTimeout
 .text.UART_EndRxTransfer
                0x0800365e       0xc8 cmake/stm32cubemx/CMakeFiles/STM32_Drivers.dir/__/__/Drivers/STM32F3xx_HAL_Driver/Src/stm32f3xx_hal_uart.c.obj
 .text.HAL_PCD_Init
                0x08003726      0x18e cmake/stm32cubemx/CMakeFiles/STM32_Drivers.dir/__/__/Drivers/STM32F3xx_HAL_Driver/Src/stm32f3xx_hal_pcd.c.obj
                0x08003726                HAL_PCD_Init
 .text.myprintf
                0x080038b4       0x5c CMakeFiles/lab2.dir/Core/Src/main.c.obj
                0x080038b4                myprintf
 .text.main     0x08003910      0x2c0 CMakeFiles/lab2.dir/Core/Src/main.c.obj
                0x08003910                main
 .text.SystemClock_Config
                0x08003bd0       0xc8 CMakeFiles/lab2.dir/Core/Src/main.c.obj
                0x08003bd0                SystemClock_Config
 .text.MX_I2C1_Init
                0x08003c98       0x80 CMakeFiles/lab2.dir/Core/Src/main.c.obj
 .text.MX_SPI1_Init
                0x08003d18       0x7c CMakeFiles/lab2.dir/Core/Src/main.c.obj
 .text.MX_USART2_UART_Init
                0x08003d94       0x60 CMakeFiles/lab2.dir/Core/Src/main.c.obj
 .text.MX_USB_PCD_Init
                0x08003df4       0x44 CMakeFiles/lab2.dir/Core/Src/main.c.obj
 .text.MX_GPIO_Init
                0x08003e38       0xfc CMakeFiles/lab2.dir/Core/Src/main.c.obj
 .text.Error_Handler
                0x08003f34        0xc CMakeFiles/lab2.dir/Core/Src/main.c.obj
                0x08003f34                Error_Handler
 .text.NMI_Handler
                0x08003f40        0x8 CMakeFiles/lab2.dir/Core/Src/stm32f3xx_it.c.obj
                0x08003f40                NMI_Handler
 .text.HardFault_Handler
                0x08003f48        0x8 CMakeFiles/lab2.dir/Core/Src/stm32f3xx_it.c.obj
                0x08003f48                HardFault_Handler
 .text.MemManage_Handler
                0x08003f50        0x8 CMakeFiles/lab2.dir/Core/Src/stm32f3xx_it.c.obj
                0x08003f50                MemManage_Handler
 .text.BusFault_Handler
                0x08003f58        0x8 CMakeFiles/lab2.dir/Core/Src/stm32f3xx_it.c.obj
                0x08003f58                BusFault_Handler
 .text.UsageFault_Handler
                0x08003f60        0x8 CMakeFiles/lab2.dir/Core/Src/stm32f3xx_it.c.obj
                0x08003f60                UsageFault_Handler
 .text.SVC_Handler
                0x08003f68        0xe CMakeFiles/lab2.dir/Core/Src/stm32f3xx_it.c.obj
                0x08003f68                SVC_Handler
 .text.DebugMon_Handler
                0x08003f76        0xe CMakeFiles/lab2.dir/Core/Src/stm32f3xx_it.c.obj
                0x08003f76                DebugMon_Handler
 .text.PendSV_Handler
                0x08003f84        0xe CMakeFiles/lab2.dir/Core/Src/stm32f3xx_it.c.obj
                0x08003f84                PendSV_Handler
 .text.SysTick_Handler
                0x08003f92        0xc CMakeFiles/lab2.dir/Core/Src/stm32f3xx_it.c.obj
                0x08003f92                SysTick_Handler
 *fill*         0x08003f9e        0x2 
 .text.HAL_MspInit
                0x08003fa0       0x48 CMakeFiles/lab2.dir/Core/Src/stm32f3xx_hal_msp.c.obj
                0x08003fa0                HAL_MspInit
 .text.HAL_I2C_MspInit
                0x08003fe8       0x88 CMakeFiles/lab2.dir/Core/Src/stm32f3xx_hal_msp.c.obj
                0x08003fe8                HAL_I2C_MspInit
 .text.HAL_SPI_MspInit
                0x08004070       0x84 CMakeFiles/lab2.dir/Core/Src/stm32f3xx_hal_msp.c.obj
                0x08004070                HAL_SPI_MspInit
 .text.HAL_UART_MspInit
                0x080040f4       0x84 CMakeFiles/lab2.dir/Core/Src/stm32f3xx_hal_msp.c.obj
                0x080040f4                HAL_UART_MspInit
 .text.HAL_PCD_MspInit
                0x08004178       0x88 CMakeFiles/lab2.dir/Core/Src/stm32f3xx_hal_msp.c.obj
                0x08004178                HAL_PCD_MspInit
 .text._sbrk    0x08004200       0x6c CMakeFiles/lab2.dir/Core/Src/sysmem.c.obj
                0x08004200                _sbrk
 .text._getpid  0x0800426c       0x10 CMakeFiles/lab2.dir/Core/Src/syscalls.c.obj
                0x0800426c                _getpid
 .text._kill    0x0800427c       0x20 CMakeFiles/lab2.dir/Core/Src/syscalls.c.obj
                0x0800427c                _kill
 .text._exit    0x0800429c       0x16 CMakeFiles/lab2.dir/Core/Src/syscalls.c.obj
                0x0800429c                _exit
 .text._read    0x080042b2       0x3a CMakeFiles/lab2.dir/Core/Src/syscalls.c.obj
                0x080042b2                _read
 .text._write   0x080042ec       0x38 CMakeFiles/lab2.dir/Core/Src/syscalls.c.obj
                0x080042ec                _write
 .text._close   0x08004324       0x18 CMakeFiles/lab2.dir/Core/Src/syscalls.c.obj
                0x08004324                _close
 .text._fstat   0x0800433c       0x20 CMakeFiles/lab2.dir/Core/Src/syscalls.c.obj
                0x0800433c                _fstat
 .text._isatty  0x0800435c       0x16 CMakeFiles/lab2.dir/Core/Src/syscalls.c.obj
                0x0800435c                _isatty
 .text._lseek   0x08004372       0x1a CMakeFiles/lab2.dir/Core/Src/syscalls.c.obj
                0x08004372                _lseek
 .text.Reset_Handler
                0x0800438c       0x50 CMakeFiles/lab2.dir/startup_stm32f303xc.s.obj
                0x0800438c                Reset_Handler
 .text.Default_Handler
                0x080043dc        0x2 CMakeFiles/lab2.dir/startup_stm32f303xc.s.obj
                0x080043dc                RTC_Alarm_IRQHandler
                0x080043dc                TIM8_TRG_COM_IRQHandler
                0x080043dc                TIM8_CC_IRQHandler
                0x080043dc                TIM1_CC_IRQHandler
                0x080043dc                USB_HP_IRQHandler
                0x080043dc                PVD_IRQHandler
                0x080043dc                TAMP_STAMP_IRQHandler
                0x080043dc                EXTI3_IRQHandler
                0x080043dc                USB_HP_CAN_TX_IRQHandler
                0x080043dc                EXTI0_IRQHandler
                0x080043dc                I2C2_EV_IRQHandler
                0x080043dc                FPU_IRQHandler
                0x080043dc                TIM1_UP_TIM16_IRQHandler
                0x080043dc                ADC1_2_IRQHandler
                0x080043dc                SPI1_IRQHandler
                0x080043dc                CAN_SCE_IRQHandler
                0x080043dc                TIM6_DAC_IRQHandler
                0x080043dc                TIM8_UP_IRQHandler
                0x080043dc                DMA2_Channel2_IRQHandler
                0x080043dc                DMA1_Channel4_IRQHandler
                0x080043dc                USART3_IRQHandler
                0x080043dc                DMA1_Channel7_IRQHandler
                0x080043dc                UART5_IRQHandler
                0x080043dc                ADC3_IRQHandler
                0x080043dc                TIM4_IRQHandler
                0x080043dc                CAN_RX1_IRQHandler
                0x080043dc                DMA2_Channel1_IRQHandler
                0x080043dc                I2C1_EV_IRQHandler
                0x080043dc                DMA1_Channel6_IRQHandler
                0x080043dc                UART4_IRQHandler
                0x080043dc                DMA2_Channel4_IRQHandler
                0x080043dc                TIM3_IRQHandler
                0x080043dc                RCC_IRQHandler
                0x080043dc                DMA1_Channel1_IRQHandler
                0x080043dc                Default_Handler
                0x080043dc                USBWakeUp_RMP_IRQHandler
                0x080043dc                EXTI15_10_IRQHandler
                0x080043dc                TIM7_IRQHandler
                0x080043dc                EXTI9_5_IRQHandler
                0x080043dc                RTC_WKUP_IRQHandler
                0x080043dc                SPI2_IRQHandler
                0x080043dc                USB_LP_CAN_RX0_IRQHandler
                0x080043dc                DMA2_Channel5_IRQHandler
                0x080043dc                DMA1_Channel5_IRQHandler
                0x080043dc                USB_LP_IRQHandler
                0x080043dc                EXTI4_IRQHandler
                0x080043dc                TIM1_TRG_COM_TIM17_IRQHandler
                0x080043dc                DMA1_Channel3_IRQHandler
                0x080043dc                ADC4_IRQHandler
                0x080043dc                WWDG_IRQHandler
                0x080043dc                TIM2_IRQHandler
                0x080043dc                COMP7_IRQHandler
                0x080043dc                COMP1_2_3_IRQHandler
                0x080043dc                EXTI1_IRQHandler
                0x080043dc                USART2_IRQHandler
                0x080043dc                COMP4_5_6_IRQHandler
                0x080043dc                I2C2_ER_IRQHandler
                0x080043dc                DMA1_Channel2_IRQHandler
                0x080043dc                TIM8_BRK_IRQHandler
                0x080043dc                FLASH_IRQHandler
                0x080043dc                USART1_IRQHandler
                0x080043dc                SPI3_IRQHandler
                0x080043dc                I2C1_ER_IRQHandler
                0x080043dc                USBWakeUp_IRQHandler
                0x080043dc                DMA2_Channel3_IRQHandler
                0x080043dc                EXTI2_TSC_IRQHandler
                0x080043dc                TIM1_BRK_TIM15_IRQHandler
 .text.__cvt    0x080043de       0xca /home/administrator/st/stm32cubeclt_1.19.0_3/GNU-tools-for-STM32/bin/../lib/gcc/arm-none-eabi/13.3.1/../../../../arm-none-eabi/lib/thumb/v7e-m+fp/hard/libg_nano.a(libc_a-nano-vfprintf_float.o)
                0x080043de                __cvt
 .text.__exponent
                0x080044a8       0x74 /home/administrator/st/stm32cubeclt_1.19.0_3/GNU-tools-for-STM32/bin/../lib/gcc/arm-none-eabi/13.3.1/../../../../arm-none-eabi/lib/thumb/v7e-m+fp/hard/libg_nano.a(libc_a-nano-vfprintf_float.o)
                0x080044a8                __exponent
 .text._printf_float
                0x0800451c      0x454 /home/administrator/st/stm32cubeclt_1.19.0_3/GNU-tools-for-STM32/bin/../lib/gcc/arm-none-eabi/13.3.1/../../../../arm-none-eabi/lib/thumb/v7e-m+fp/hard/libg_nano.a(libc_a-nano-vfprintf_float.o)
                0x0800451c                _printf_float
 .text._printf_common
                0x08004970       0xda /home/administrator/st/stm32cubeclt_1.19.0_3/GNU-tools-for-STM32/bin/../lib/gcc/arm-none-eabi/13.3.1/../../../../arm-none-eabi/lib/thumb/v7e-m+fp/hard/libg_nano.a(libc_a-nano-vfprintf_i.o)
                0x08004970                _printf_common
 *fill*         0x08004a4a        0x2 
 .text._printf_i
                0x08004a4c      0x23c /home/administrator/st/stm32cubeclt_1.19.0_3/GNU-tools-for-STM32/bin/../lib/gcc/arm-none-eabi/13.3.1/../../../../arm-none-eabi/lib/thumb/v7e-m+fp/hard/libg_nano.a(libc_a-nano-vfprintf_i.o)
                0x08004a4c                _printf_i
 .text.std      0x08004c88       0x6c /home/administrator/st/stm32cubeclt_1.19.0_3/GNU-tools-for-STM32/bin/../lib/gcc/arm-none-eabi/13.3.1/../../../../arm-none-eabi/lib/thumb/v7e-m+fp/hard/libg_nano.a(libc_a-findfp.o)
 .text.stdio_exit_handler
                0x08004cf4       0x18 /home/administrator/st/stm32cubeclt_1.19.0_3/GNU-tools-for-STM32/bin/../lib/gcc/arm-none-eabi/13.3.1/../../../../arm-none-eabi/lib/thumb/v7e-m+fp/hard/libg_nano.a(libc_a-findfp.o)
 .text.cleanup_stdio
                0x08004d0c       0x40 /home/administrator/st/stm32cubeclt_1.19.0_3/GNU-tools-for-STM32/bin/../lib/gcc/arm-none-eabi/13.3.1/../../../../arm-none-eabi/lib/thumb/v7e-m+fp/hard/libg_nano.a(libc_a-findfp.o)
 .text.global_stdio_init.part.0
                0x08004d4c       0x3c /home/administrator/st/stm32cubeclt_1.19.0_3/GNU-tools-for-STM32/bin/../lib/gcc/arm-none-eabi/13.3.1/../../../../arm-none-eabi/lib/thumb/v7e-m+fp/hard/libg_nano.a(libc_a-findfp.o)
 .text.__sfp_lock_acquire
                0x08004d88        0xc /home/administrator/st/stm32cubeclt_1.19.0_3/GNU-tools-for-STM32/bin/../lib/gcc/arm-none-eabi/13.3.1/../../../../arm-none-eabi/lib/thumb/v7e-m+fp/hard/libg_nano.a(libc_a-findfp.o)
                0x08004d88                __sfp_lock_acquire
 .text.__sfp_lock_release
                0x08004d94        0xc /home/administrator/st/stm32cubeclt_1.19.0_3/GNU-tools-for-STM32/bin/../lib/gcc/arm-none-eabi/13.3.1/../../../../arm-none-eabi/lib/thumb/v7e-m+fp/hard/libg_nano.a(libc_a-findfp.o)
                0x08004d94                __sfp_lock_release
 .text.__sinit  0x08004da0       0x30 /home/administrator/st/stm32cubeclt_1.19.0_3/GNU-tools-for-STM32/bin/../lib/gcc/arm-none-eabi/13.3.1/../../../../arm-none-eabi/lib/thumb/v7e-m+fp/hard/libg_nano.a(libc_a-findfp.o)
                0x08004da0                __sinit
 .text._fwalk_sglue
                0x08004dd0       0x3c /home/administrator/st/stm32cubeclt_1.19.0_3/GNU-tools-for-STM32/bin/../lib/gcc/arm-none-eabi/13.3.1/../../../../arm-none-eabi/lib/thumb/v7e-m+fp/hard/libg_nano.a(libc_a-fwalk.o)
                0x08004dd0                _fwalk_sglue
 .text.printf   0x08004e0c       0x24 /home/administrator/st/stm32cubeclt_1.19.0_3/GNU-tools-for-STM32/bin/../lib/gcc/arm-none-eabi/13.3.1/../../../../arm-none-eabi/lib/thumb/v7e-m+fp/hard/libg_nano.a(libc_a-printf.o)
                0x08004e0c                printf
                0x08004e0c                iprintf
 .text.__sread  0x08004e30       0x22 /home/administrator/st/stm32cubeclt_1.19.0_3/GNU-tools-for-STM32/bin/../lib/gcc/arm-none-eabi/13.3.1/../../../../arm-none-eabi/lib/thumb/v7e-m+fp/hard/libg_nano.a(libc_a-stdio.o)
                0x08004e30                __sread
 .text.__swrite
                0x08004e52       0x38 /home/administrator/st/stm32cubeclt_1.19.0_3/GNU-tools-for-STM32/bin/../lib/gcc/arm-none-eabi/13.3.1/../../../../arm-none-eabi/lib/thumb/v7e-m+fp/hard/libg_nano.a(libc_a-stdio.o)
                0x08004e52                __swrite
 .text.__sseek  0x08004e8a       0x24 /home/administrator/st/stm32cubeclt_1.19.0_3/GNU-tools-for-STM32/bin/../lib/gcc/arm-none-eabi/13.3.1/../../../../arm-none-eabi/lib/thumb/v7e-m+fp/hard/libg_nano.a(libc_a-stdio.o)
                0x08004e8a                __sseek
 .text.__sclose
                0x08004eae        0x8 /home/administrator/st/stm32cubeclt_1.19.0_3/GNU-tools-for-STM32/bin/../lib/gcc/arm-none-eabi/13.3.1/../../../../arm-none-eabi/lib/thumb/v7e-m+fp/hard/libg_nano.a(libc_a-stdio.o)
                0x08004eae                __sclose
 .text._vsnprintf_r
                0x08004eb6       0x5c /home/administrator/st/stm32cubeclt_1.19.0_3/GNU-tools-for-STM32/bin/../lib/gcc/arm-none-eabi/13.3.1/../../../../arm-none-eabi/lib/thumb/v7e-m+fp/hard/libg_nano.a(libc_a-vsnprintf.o)
                0x08004eb6                _vsnprintf_r
                0x08004eb6                _vsniprintf_r
 *fill*         0x08004f12        0x2 
 .text.vsnprintf
                0x08004f14       0x1c /home/administrator/st/stm32cubeclt_1.19.0_3/GNU-tools-for-STM32/bin/../lib/gcc/arm-none-eabi/13.3.1/../../../../arm-none-eabi/lib/thumb/v7e-m+fp/hard/libg_nano.a(libc_a-vsnprintf.o)
                0x08004f14                vsnprintf
                0x08004f14                vsniprintf
 .text.memset   0x08004f30       0x10 /home/administrator/st/stm32cubeclt_1.19.0_3/GNU-tools-for-STM32/bin/../lib/gcc/arm-none-eabi/13.3.1/../../../../arm-none-eabi/lib/thumb/v7e-m+fp/hard/libg_nano.a(libc_a-memset.o)
                0x08004f30                memset
 .text._localeconv_r
                0x08004f40        0x8 /home/administrator/st/stm32cubeclt_1.19.0_3/GNU-tools-for-STM32/bin/../lib/gcc/arm-none-eabi/13.3.1/../../../../arm-none-eabi/lib/thumb/v7e-m+fp/hard/libg_nano.a(libc_a-localeconv.o)
                0x08004f40                _localeconv_r
 .text._close_r
                0x08004f48       0x20 /home/administrator/st/stm32cubeclt_1.19.0_3/GNU-tools-for-STM32/bin/../lib/gcc/arm-none-eabi/13.3.1/../../../../arm-none-eabi/lib/thumb/v7e-m+fp/hard/libg_nano.a(libc_a-closer.o)
                0x08004f48                _close_r
 .text._lseek_r
                0x08004f68       0x24 /home/administrator/st/stm32cubeclt_1.19.0_3/GNU-tools-for-STM32/bin/../lib/gcc/arm-none-eabi/13.3.1/../../../../arm-none-eabi/lib/thumb/v7e-m+fp/hard/libg_nano.a(libc_a-lseekr.o)
                0x08004f68                _lseek_r
 .text._read_r  0x08004f8c       0x24 /home/administrator/st/stm32cubeclt_1.19.0_3/GNU-tools-for-STM32/bin/../lib/gcc/arm-none-eabi/13.3.1/../../../../arm-none-eabi/lib/thumb/v7e-m+fp/hard/libg_nano.a(libc_a-readr.o)
                0x08004f8c                _read_r
 .text._write_r
                0x08004fb0       0x24 /home/administrator/st/stm32cubeclt_1.19.0_3/GNU-tools-for-STM32/bin/../lib/gcc/arm-none-eabi/13.3.1/../../../../arm-none-eabi/lib/thumb/v7e-m+fp/hard/libg_nano.a(libc_a-writer.o)
                0x08004fb0                _write_r
 .text.__errno  0x08004fd4        0xc /home/administrator/st/stm32cubeclt_1.19.0_3/GNU-tools-for-STM32/bin/../lib/gcc/arm-none-eabi/13.3.1/../../../../arm-none-eabi/lib/thumb/v7e-m+fp/hard/libg_nano.a(libc_a-errno.o)
                0x08004fd4                __errno
 .text.__libc_init_array
                0x08004fe0       0x48 /home/administrator/st/stm32cubeclt_1.19.0_3/GNU-tools-for-STM32/bin/../lib/gcc/arm-none-eabi/13.3.1/../../../../arm-none-eabi/lib/thumb/v7e-m+fp/hard/libg_nano.a(libc_a-init.o)
                0x08004fe0                __libc_init_array
 .text.__retarget_lock_init_recursive
                0x08005028        0x2 /home/administrator/st/stm32cubeclt_1.19.0_3/GNU-tools-for-STM32/bin/../lib/gcc/arm-none-eabi/13.3.1/../../../../arm-none-eabi/lib/thumb/v7e-m+fp/hard/libg_nano.a(libc_a-lock.o)
                0x08005028                __retarget_lock_init_recursive
 .text.__retarget_lock_acquire_recursive
                0x0800502a        0x2 /home/administrator/st/stm32cubeclt_1.19.0_3/GNU-tools-for-STM32/bin/../lib/gcc/arm-none-eabi/13.3.1/../../../../arm-none-eabi/lib/thumb/v7e-m+fp/hard/libg_nano.a(libc_a-lock.o)
                0x0800502a                __retarget_lock_acquire_recursive
 .text.__retarget_lock_release_recursive
                0x0800502c        0x2 /home/administrator/st/stm32cubeclt_1.19.0_3/GNU-tools-for-STM32/bin/../lib/gcc/arm-none-eabi/13.3.1/../../../../arm-none-eabi/lib/thumb/v7e-m+fp/hard/libg_nano.a(libc_a-lock.o)
                0x0800502c                __retarget_lock_release_recursive
 .text.quorem   0x0800502e      0x110 /home/administrator/st/stm32cubeclt_1.19.0_3/GNU-tools-for-STM32/bin/../lib/gcc/arm-none-eabi/13.3.1/../../../../arm-none-eabi/lib/thumb/v7e-m+fp/hard/libg_nano.a(libc_a-dtoa.o)
 *fill*         0x0800513e        0x2 
 .text._dtoa_r  0x08005140      0xba0 /home/administrator/st/stm32cubeclt_1.19.0_3/GNU-tools-for-STM32/bin/../lib/gcc/arm-none-eabi/13.3.1/../../../../arm-none-eabi/lib/thumb/v7e-m+fp/hard/libg_nano.a(libc_a-dtoa.o)
                0x08005140                _dtoa_r
 .text._free_r  0x08005ce0       0x94 /home/administrator/st/stm32cubeclt_1.19.0_3/GNU-tools-for-STM32/bin/../lib/gcc/arm-none-eabi/13.3.1/../../../../arm-none-eabi/lib/thumb/v7e-m+fp/hard/libg_nano.a(libc_a-freer.o)
                0x08005ce0                _free_r
 .text.malloc   0x08005d74       0x10 /home/administrator/st/stm32cubeclt_1.19.0_3/GNU-tools-for-STM32/bin/../lib/gcc/arm-none-eabi/13.3.1/../../../../arm-none-eabi/lib/thumb/v7e-m+fp/hard/libg_nano.a(libc_a-malloc.o)
                0x08005d74                malloc
 .text.sbrk_aligned
                0x08005d84       0x44 /home/administrator/st/stm32cubeclt_1.19.0_3/GNU-tools-for-STM32/bin/../lib/gcc/arm-none-eabi/13.3.1/../../../../arm-none-eabi/lib/thumb/v7e-m+fp/hard/libg_nano.a(libc_a-mallocr.o)
 .text._malloc_r
                0x08005dc8      0x100 /home/administrator/st/stm32cubeclt_1.19.0_3/GNU-tools-for-STM32/bin/../lib/gcc/arm-none-eabi/13.3.1/../../../../arm-none-eabi/lib/thumb/v7e-m+fp/hard/libg_nano.a(libc_a-mallocr.o)
                0x08005dc8                _malloc_r
 .text.__malloc_lock
                0x08005ec8        0xc /home/administrator/st/stm32cubeclt_1.19.0_3/GNU-tools-for-STM32/bin/../lib/gcc/arm-none-eabi/13.3.1/../../../../arm-none-eabi/lib/thumb/v7e-m+fp/hard/libg_nano.a(libc_a-mlock.o)
                0x08005ec8                __malloc_lock
 .text.__malloc_unlock
                0x08005ed4        0xc /home/administrator/st/stm32cubeclt_1.19.0_3/GNU-tools-for-STM32/bin/../lib/gcc/arm-none-eabi/13.3.1/../../../../arm-none-eabi/lib/thumb/v7e-m+fp/hard/libg_nano.a(libc_a-mlock.o)
                0x08005ed4                __malloc_unlock
 .text._Balloc  0x08005ee0       0x80 /home/administrator/st/stm32cubeclt_1.19.0_3/GNU-tools-for-STM32/bin/../lib/gcc/arm-none-eabi/13.3.1/../../../../arm-none-eabi/lib/thumb/v7e-m+fp/hard/libg_nano.a(libc_a-mprec.o)
                0x08005ee0                _Balloc
 .text._Bfree   0x08005f60       0x44 /home/administrator/st/stm32cubeclt_1.19.0_3/GNU-tools-for-STM32/bin/../lib/gcc/arm-none-eabi/13.3.1/../../../../arm-none-eabi/lib/thumb/v7e-m+fp/hard/libg_nano.a(libc_a-mprec.o)
                0x08005f60                _Bfree
 .text.__multadd
                0x08005fa4       0x8c /home/administrator/st/stm32cubeclt_1.19.0_3/GNU-tools-for-STM32/bin/../lib/gcc/arm-none-eabi/13.3.1/../../../../arm-none-eabi/lib/thumb/v7e-m+fp/hard/libg_nano.a(libc_a-mprec.o)
                0x08005fa4                __multadd
 .text.__hi0bits
                0x08006030       0x3e /home/administrator/st/stm32cubeclt_1.19.0_3/GNU-tools-for-STM32/bin/../lib/gcc/arm-none-eabi/13.3.1/../../../../arm-none-eabi/lib/thumb/v7e-m+fp/hard/libg_nano.a(libc_a-mprec.o)
                0x08006030                __hi0bits
 .text.__lo0bits
                0x0800606e       0x5a /home/administrator/st/stm32cubeclt_1.19.0_3/GNU-tools-for-STM32/bin/../lib/gcc/arm-none-eabi/13.3.1/../../../../arm-none-eabi/lib/thumb/v7e-m+fp/hard/libg_nano.a(libc_a-mprec.o)
                0x0800606e                __lo0bits
 .text.__i2b    0x080060c8       0x2c /home/administrator/st/stm32cubeclt_1.19.0_3/GNU-tools-for-STM32/bin/../lib/gcc/arm-none-eabi/13.3.1/../../../../arm-none-eabi/lib/thumb/v7e-m+fp/hard/libg_nano.a(libc_a-mprec.o)
                0x080060c8                __i2b
 .text.__multiply
                0x080060f4      0x144 /home/administrator/st/stm32cubeclt_1.19.0_3/GNU-tools-for-STM32/bin/../lib/gcc/arm-none-eabi/13.3.1/../../../../arm-none-eabi/lib/thumb/v7e-m+fp/hard/libg_nano.a(libc_a-mprec.o)
                0x080060f4                __multiply
 .text.__pow5mult
                0x08006238       0xb4 /home/administrator/st/stm32cubeclt_1.19.0_3/GNU-tools-for-STM32/bin/../lib/gcc/arm-none-eabi/13.3.1/../../../../arm-none-eabi/lib/thumb/v7e-m+fp/hard/libg_nano.a(libc_a-mprec.o)
                0x08006238                __pow5mult
 .text.__lshift
                0x080062ec       0xd8 /home/administrator/st/stm32cubeclt_1.19.0_3/GNU-tools-for-STM32/bin/../lib/gcc/arm-none-eabi/13.3.1/../../../../arm-none-eabi/lib/thumb/v7e-m+fp/hard/libg_nano.a(libc_a-mprec.o)
                0x080062ec                __lshift
 .text.__mcmp   0x080063c4       0x36 /home/administrator/st/stm32cubeclt_1.19.0_3/GNU-tools-for-STM32/bin/../lib/gcc/arm-none-eabi/13.3.1/../../../../arm-none-eabi/lib/thumb/v7e-m+fp/hard/libg_nano.a(libc_a-mprec.o)
                0x080063c4                __mcmp
 *fill*         0x080063fa        0x2 
 .text.__mdiff  0x080063fc      0x128 /home/administrator/st/stm32cubeclt_1.19.0_3/GNU-tools-for-STM32/bin/../lib/gcc/arm-none-eabi/13.3.1/../../../../arm-none-eabi/lib/thumb/v7e-m+fp/hard/libg_nano.a(libc_a-mprec.o)
                0x080063fc                __mdiff
 .text.__d2b    0x08006524       0xb0 /home/administrator/st/stm32cubeclt_1.19.0_3/GNU-tools-for-STM32/bin/../lib/gcc/arm-none-eabi/13.3.1/../../../../arm-none-eabi/lib/thumb/v7e-m+fp/hard/libg_nano.a(libc_a-mprec.o)
                0x08006524                __d2b
 .text.__ssputs_r
                0x080065d4       0xb6 /home/administrator/st/stm32cubeclt_1.19.0_3/GNU-tools-for-STM32/bin/../lib/gcc/arm-none-eabi/13.3.1/../../../../arm-none-eabi/lib/thumb/v7e-m+fp/hard/libg_nano.a(libc_a-nano-svfprintf.o)
                0x080065d4                __ssputs_r
 *fill*         0x0800668a        0x2 
 .text._svfprintf_r
                0x0800668c      0x1f8 /home/administrator/st/stm32cubeclt_1.19.0_3/GNU-tools-for-STM32/bin/../lib/gcc/arm-none-eabi/13.3.1/../../../../arm-none-eabi/lib/thumb/v7e-m+fp/hard/libg_nano.a(libc_a-nano-svfprintf.o)
                0x0800668c                _svfprintf_r
                0x0800668c                _svfiprintf_r
 .text.__sfputc_r
                0x08006884       0x2e /home/administrator/st/stm32cubeclt_1.19.0_3/GNU-tools-for-STM32/bin/../lib/gcc/arm-none-eabi/13.3.1/../../../../arm-none-eabi/lib/thumb/v7e-m+fp/hard/libg_nano.a(libc_a-nano-vfprintf.o)
 .text.__sfputs_r
                0x080068b2       0x24 /home/administrator/st/stm32cubeclt_1.19.0_3/GNU-tools-for-STM32/bin/../lib/gcc/arm-none-eabi/13.3.1/../../../../arm-none-eabi/lib/thumb/v7e-m+fp/hard/libg_nano.a(libc_a-nano-vfprintf.o)
                0x080068b2                __sfputs_r
 *fill*         0x080068d6        0x2 
 .text._vfprintf_r
                0x080068d8      0x230 /home/administrator/st/stm32cubeclt_1.19.0_3/GNU-tools-for-STM32/bin/../lib/gcc/arm-none-eabi/13.3.1/../../../../arm-none-eabi/lib/thumb/v7e-m+fp/hard/libg_nano.a(libc_a-nano-vfprintf.o)
                0x080068d8                _vfiprintf_r
                0x080068d8                _vfprintf_r
 .text.__sflush_r
                0x08006b08      0x108 /home/administrator/st/stm32cubeclt_1.19.0_3/GNU-tools-for-STM32/bin/../lib/gcc/arm-none-eabi/13.3.1/../../../../arm-none-eabi/lib/thumb/v7e-m+fp/hard/libg_nano.a(libc_a-fflush.o)
                0x08006b08                __sflush_r
 .text._fflush_r
                0x08006c10       0x50 /home/administrator/st/stm32cubeclt_1.19.0_3/GNU-tools-for-STM32/bin/../lib/gcc/arm-none-eabi/13.3.1/../../../../arm-none-eabi/lib/thumb/v7e-m+fp/hard/libg_nano.a(libc_a-fflush.o)
                0x08006c10                _fflush_r
 .text.__swbuf_r
                0x08006c60       0x7c /home/administrator/st/stm32cubeclt_1.19.0_3/GNU-tools-for-STM32/bin/../lib/gcc/arm-none-eabi/13.3.1/../../../../arm-none-eabi/lib/thumb/v7e-m+fp/hard/libg_nano.a(libc_a-wbuf.o)
                0x08006c60                __swbuf_r
 .text.__swsetup_r
                0x08006cdc       0xac /home/administrator/st/stm32cubeclt_1.19.0_3/GNU-tools-for-STM32/bin/../lib/gcc/arm-none-eabi/13.3.1/../../../../arm-none-eabi/lib/thumb/v7e-m+fp/hard/libg_nano.a(libc_a-wsetup.o)
                0x08006cdc                __swsetup_r
 .text.memmove  0x08006d88       0x34 /home/administrator/st/stm32cubeclt_1.19.0_3/GNU-tools-for-STM32/bin/../lib/gcc/arm-none-eabi/13.3.1/../../../../arm-none-eabi/lib/thumb/v7e-m+fp/hard/libg_nano.a(libc_a-memmove.o)
                0x08006d88                memmove
 .text._sbrk_r  0x08006dbc       0x20 /home/administrator/st/stm32cubeclt_1.19.0_3/GNU-tools-for-STM32/bin/../lib/gcc/arm-none-eabi/13.3.1/../../../../arm-none-eabi/lib/thumb/v7e-m+fp/hard/libg_nano.a(libc_a-sbrkr.o)
                0x08006dbc                _sbrk_r
 .text.memcpy   0x08006ddc       0x1c /home/administrator/st/stm32cubeclt_1.19.0_3/GNU-tools-for-STM32/bin/../lib/gcc/arm-none-eabi/13.3.1/../../../../arm-none-eabi/lib/thumb/v7e-m+fp/hard/libg_nano.a(libc_a-memcpy-stub.o)
                0x08006ddc                memcpy
 .text.__assert_func
                0x08006df8       0x3c /home/administrator/st/stm32cubeclt_1.19.0_3/GNU-tools-for-STM32/bin/../lib/gcc/arm-none-eabi/13.3.1/../../../../arm-none-eabi/lib/thumb/v7e-m+fp/hard/libg_nano.a(libc_a-assert.o)
                0x08006df8                __assert_func
 .text._calloc_r
                0x08006e34       0x28 /home/administrator/st/stm32cubeclt_1.19.0_3/GNU-tools-for-STM32/bin/../lib/gcc/arm-none-eabi/13.3.1/../../../../arm-none-eabi/lib/thumb/v7e-m+fp/hard/libg_nano.a(libc_a-callocr.o)
                0x08006e34                _calloc_r
 .text.__ascii_mbtowc
                0x08006e5c       0x24 /home/administrator/st/stm32cubeclt_1.19.0_3/GNU-tools-for-STM32/bin/../lib/gcc/arm-none-eabi/13.3.1/../../../../arm-none-eabi/lib/thumb/v7e-m+fp/hard/libg_nano.a(libc_a-mbtowc_r.o)
                0x08006e5c                __ascii_mbtowc
 .text._realloc_r
                0x08006e80       0x5c /home/administrator/st/stm32cubeclt_1.19.0_3/GNU-tools-for-STM32/bin/../lib/gcc/arm-none-eabi/13.3.1/../../../../arm-none-eabi/lib/thumb/v7e-m+fp/hard/libg_nano.a(libc_a-reallocr.o)
                0x08006e80                _realloc_r
 .text.__ascii_wctomb
                0x08006edc       0x1a /home/administrator/st/stm32cubeclt_1.19.0_3/GNU-tools-for-STM32/bin/../lib/gcc/arm-none-eabi/13.3.1/../../../../arm-none-eabi/lib/thumb/v7e-m+fp/hard/libg_nano.a(libc_a-wctomb_r.o)
                0x08006edc                __ascii_wctomb
 *fill*         0x08006ef6        0x2 
 .text.fprintf  0x08006ef8       0x24 /home/administrator/st/stm32cubeclt_1.19.0_3/GNU-tools-for-STM32/bin/../lib/gcc/arm-none-eabi/13.3.1/../../../../arm-none-eabi/lib/thumb/v7e-m+fp/hard/libg_nano.a(libc_a-fprintf.o)
                0x08006ef8                fprintf
                0x08006ef8                fiprintf
 .text.__swhatbuf_r
                0x08006f1c       0x4c /home/administrator/st/stm32cubeclt_1.19.0_3/GNU-tools-for-STM32/bin/../lib/gcc/arm-none-eabi/13.3.1/../../../../arm-none-eabi/lib/thumb/v7e-m+fp/hard/libg_nano.a(libc_a-makebuf.o)
                0x08006f1c                __swhatbuf_r
 .text.__smakebuf_r
                0x08006f68       0x78 /home/administrator/st/stm32cubeclt_1.19.0_3/GNU-tools-for-STM32/bin/../lib/gcc/arm-none-eabi/13.3.1/../../../../arm-none-eabi/lib/thumb/v7e-m+fp/hard/libg_nano.a(libc_a-makebuf.o)
                0x08006f68                __smakebuf_r
 .text._fstat_r
                0x08006fe0       0x24 /home/administrator/st/stm32cubeclt_1.19.0_3/GNU-tools-for-STM32/bin/../lib/gcc/arm-none-eabi/13.3.1/../../../../arm-none-eabi/lib/thumb/v7e-m+fp/hard/libg_nano.a(libc_a-fstatr.o)
                0x08006fe0                _fstat_r
 .text._isatty_r
                0x08007004       0x20 /home/administrator/st/stm32cubeclt_1.19.0_3/GNU-tools-for-STM32/bin/../lib/gcc/arm-none-eabi/13.3.1/../../../../arm-none-eabi/lib/thumb/v7e-m+fp/hard/libg_nano.a(libc_a-isattyr.o)
                0x08007004                _isatty_r
 .text.abort    0x08007024        0xe /home/administrator/st/stm32cubeclt_1.19.0_3/GNU-tools-for-STM32/bin/../lib/gcc/arm-none-eabi/13.3.1/../../../../arm-none-eabi/lib/thumb/v7e-m+fp/hard/libg_nano.a(libc_a-abort.o)
                0x08007024                abort
 .text._malloc_usable_size_r
                0x08007032       0x10 /home/administrator/st/stm32cubeclt_1.19.0_3/GNU-tools-for-STM32/bin/../lib/gcc/arm-none-eabi/13.3.1/../../../../arm-none-eabi/lib/thumb/v7e-m+fp/hard/libg_nano.a(libc_a-msizer.o)
                0x08007032                _malloc_usable_size_r
 .text._raise_r
                0x08007042       0x50 /home/administrator/st/stm32cubeclt_1.19.0_3/GNU-tools-for-STM32/bin/../lib/gcc/arm-none-eabi/13.3.1/../../../../arm-none-eabi/lib/thumb/v7e-m+fp/hard/libg_nano.a(libc_a-signal.o)
                0x08007042                _raise_r
 *fill*         0x08007092        0x2 
 .text.raise    0x08007094       0x10 /home/administrator/st/stm32cubeclt_1.19.0_3/GNU-tools-for-STM32/bin/../lib/gcc/arm-none-eabi/13.3.1/../../../../arm-none-eabi/lib/thumb/v7e-m+fp/hard/libg_nano.a(libc_a-signal.o)
                0x08007094                raise
 .text._kill_r  0x080070a4       0x24 /home/administrator/st/stm32cubeclt_1.19.0_3/GNU-tools-for-STM32/bin/../lib/gcc/arm-none-eabi/13.3.1/../../../../arm-none-eabi/lib/thumb/v7e-m+fp/hard/libg_nano.a(libc_a-signalr.o)
                0x080070a4                _kill_r
 .text._getpid_r
                0x080070c8        0x4 /home/administrator/st/stm32cubeclt_1.19.0_3/GNU-tools-for-STM32/bin/../lib/gcc/arm-none-eabi/13.3.1/../../../../arm-none-eabi/lib/thumb/v7e-m+fp/hard/libg_nano.a(libc_a-signalr.o)
                0x080070c8                _getpid_r
 *(.glue_7)
 .glue_7        0x080070cc        0x0 linker stubs
 *(.glue_7t)
 .glue_7t       0x080070cc        0x0 linker stubs
 *(.eh_frame)
 .eh_frame      0x080070cc        0x0 /home/administrator/st/stm32cubeclt_1.19.0_3/GNU-tools-for-STM32/bin/../lib/gcc/arm-none-eabi/13.3.1/thumb/v7e-m+fp/hard/crtbegin.o
 *(.init)
 .init          0x080070cc        0x4 /home/administrator/st/stm32cubeclt_1.19.0_3/GNU-tools-for-STM32/bin/../lib/gcc/arm-none-eabi/13.3.1/thumb/v7e-m+fp/hard/crti.o
                0x080070cc                _init
 .init          0x080070d0        0x8 /home/administrator/st/stm32cubeclt_1.19.0_3/GNU-tools-for-STM32/bin/../lib/gcc/arm-none-eabi/13.3.1/thumb/v7e-m+fp/hard/crtn.o
 *(.fini)
 .fini          0x080070d8        0x4 /home/administrator/st/stm32cubeclt_1.19.0_3/GNU-tools-for-STM32/bin/../lib/gcc/arm-none-eabi/13.3.1/thumb/v7e-m+fp/hard/crti.o
                0x080070d8                _fini
 .fini          0x080070dc        0x8 /home/administrator/st/stm32cubeclt_1.19.0_3/GNU-tools-for-STM32/bin/../lib/gcc/arm-none-eabi/13.3.1/thumb/v7e-m+fp/hard/crtn.o
                0x080070e4                        . = ALIGN (0x4)
                0x080070e4                        _etext = .

.vfp11_veneer   0x080070e4        0x0
 .vfp11_veneer  0x080070e4        0x0 linker stubs

.v4_bx          0x080070e4        0x0
 .v4_bx         0x080070e4        0x0 linker stubs

.iplt           0x080070e4        0x0
 .iplt          0x080070e4        0x0 /home/administrator/st/stm32cubeclt_1.19.0_3/GNU-tools-for-STM32/bin/../lib/gcc/arm-none-eabi/13.3.1/thumb/v7e-m+fp/hard/crtbegin.o

.rodata         0x080070e8      0x3e4
                0x080070e8                        . = ALIGN (0x4)
 *(.rodata)
 .rodata        0x080070e8       0x34 CMakeFiles/lab2.dir/Core/Src/main.c.obj
 *(.rodata*)
 .rodata.AHBPrescTable
                0x0800711c       0x10 cmake/stm32cubemx/CMakeFiles/STM32_Drivers.dir/__/__/Core/Src/system_stm32f3xx.c.obj
                0x0800711c                AHBPrescTable
 .rodata.APBPrescTable
                0x0800712c        0x8 cmake/stm32cubemx/CMakeFiles/STM32_Drivers.dir/__/__/Core/Src/system_stm32f3xx.c.obj
                0x0800712c                APBPrescTable
 .rodata.aPLLMULFactorTable
                0x08007134       0x10 cmake/stm32cubemx/CMakeFiles/STM32_Drivers.dir/__/__/Drivers/STM32F3xx_HAL_Driver/Src/stm32f3xx_hal_rcc.c.obj
 .rodata.aPredivFactorTable
                0x08007144       0x10 cmake/stm32cubemx/CMakeFiles/STM32_Drivers.dir/__/__/Drivers/STM32F3xx_HAL_Driver/Src/stm32f3xx_hal_rcc.c.obj
 .rodata._printf_float.str1.1
                0x08007154      0x171 /home/administrator/st/stm32cubeclt_1.19.0_3/GNU-tools-for-STM32/bin/../lib/gcc/arm-none-eabi/13.3.1/../../../../arm-none-eabi/lib/thumb/v7e-m+fp/hard/libg_nano.a(libc_a-nano-vfprintf_float.o)
                                 0x12 (size before relaxing)
 .rodata._printf_i.str1.1
                0x080072c5       0x22 /home/administrator/st/stm32cubeclt_1.19.0_3/GNU-tools-for-STM32/bin/../lib/gcc/arm-none-eabi/13.3.1/../../../../arm-none-eabi/lib/thumb/v7e-m+fp/hard/libg_nano.a(libc_a-nano-vfprintf_i.o)
 .rodata._dtoa_r.str1.1
                0x080072c5       0x8f /home/administrator/st/stm32cubeclt_1.19.0_3/GNU-tools-for-STM32/bin/../lib/gcc/arm-none-eabi/13.3.1/../../../../arm-none-eabi/lib/thumb/v7e-m+fp/hard/libg_nano.a(libc_a-dtoa.o)
 .rodata._Balloc.str1.1
                0x080072c5       0x70 /home/administrator/st/stm32cubeclt_1.19.0_3/GNU-tools-for-STM32/bin/../lib/gcc/arm-none-eabi/13.3.1/../../../../arm-none-eabi/lib/thumb/v7e-m+fp/hard/libg_nano.a(libc_a-mprec.o)
 .rodata.__multadd.str1.1
                0x080072c5       0x11 /home/administrator/st/stm32cubeclt_1.19.0_3/GNU-tools-for-STM32/bin/../lib/gcc/arm-none-eabi/13.3.1/../../../../arm-none-eabi/lib/thumb/v7e-m+fp/hard/libg_nano.a(libc_a-mprec.o)
 *fill*         0x080072c5        0x3 
 .rodata.p05.0  0x080072c8        0xc /home/administrator/st/stm32cubeclt_1.19.0_3/GNU-tools-for-STM32/bin/../lib/gcc/arm-none-eabi/13.3.1/../../../../arm-none-eabi/lib/thumb/v7e-m+fp/hard/libg_nano.a(libc_a-mprec.o)
 *fill*         0x080072d4        0x4 
 .rodata.__mprec_bigtens
                0x080072d8       0x28 /home/administrator/st/stm32cubeclt_1.19.0_3/GNU-tools-for-STM32/bin/../lib/gcc/arm-none-eabi/13.3.1/../../../../arm-none-eabi/lib/thumb/v7e-m+fp/hard/libg_nano.a(libc_a-mprec.o)
                0x080072d8                __mprec_bigtens
 .rodata.__mprec_tens
                0x08007300       0xc8 /home/administrator/st/stm32cubeclt_1.19.0_3/GNU-tools-for-STM32/bin/../lib/gcc/arm-none-eabi/13.3.1/../../../../arm-none-eabi/lib/thumb/v7e-m+fp/hard/libg_nano.a(libc_a-mprec.o)
                0x08007300                __mprec_tens
 .rodata._svfprintf_r.str1.1
                0x080073c8       0x11 /home/administrator/st/stm32cubeclt_1.19.0_3/GNU-tools-for-STM32/bin/../lib/gcc/arm-none-eabi/13.3.1/../../../../arm-none-eabi/lib/thumb/v7e-m+fp/hard/libg_nano.a(libc_a-nano-svfprintf.o)
 .rodata._vfprintf_r.str1.1
                0x080073c8       0x11 /home/administrator/st/stm32cubeclt_1.19.0_3/GNU-tools-for-STM32/bin/../lib/gcc/arm-none-eabi/13.3.1/../../../../arm-none-eabi/lib/thumb/v7e-m+fp/hard/libg_nano.a(libc_a-nano-vfprintf.o)
 .rodata._setlocale_r.str1.1
                0x080073c8        0x9 /home/administrator/st/stm32cubeclt_1.19.0_3/GNU-tools-for-STM32/bin/../lib/gcc/arm-none-eabi/13.3.1/../../../../arm-none-eabi/lib/thumb/v7e-m+fp/hard/libg_nano.a(libc_a-locale.o)
 .rodata.str1.1
                0x080073c8        0x2 /home/administrator/st/stm32cubeclt_1.19.0_3/GNU-tools-for-STM32/bin/../lib/gcc/arm-none-eabi/13.3.1/../../../../arm-none-eabi/lib/thumb/v7e-m+fp/hard/libg_nano.a(libc_a-locale.o)
 .rodata.__assert_func.str1.1
                0x080073c8       0x3d /home/administrator/st/stm32cubeclt_1.19.0_3/GNU-tools-for-STM32/bin/../lib/gcc/arm-none-eabi/13.3.1/../../../../arm-none-eabi/lib/thumb/v7e-m+fp/hard/libg_nano.a(libc_a-assert.o)
 .rodata._ctype_
                0x080073c8      0x101 /home/administrator/st/stm32cubeclt_1.19.0_3/GNU-tools-for-STM32/bin/../lib/gcc/arm-none-eabi/13.3.1/../../../../arm-none-eabi/lib/thumb/v7e-m+fp/hard/libg_nano.a(libc_a-ctype_.o)
                0x080073c8                _ctype_
                0x080074cc                        . = ALIGN (0x4)
 *fill*         0x080074c9        0x3 

.ARM.extab      0x080074cc        0x0
                0x080074cc                        . = ALIGN (0x4)
 *(.ARM.extab* .gnu.linkonce.armextab.*)
                0x080074cc                        . = ALIGN (0x4)

.ARM            0x080074cc        0x8
                0x080074cc                        . = ALIGN (0x4)
                0x080074cc                        __exidx_start = .
 *(.ARM.exidx*)
 .ARM.exidx     0x080074cc        0x8 /home/administrator/st/stm32cubeclt_1.19.0_3/GNU-tools-for-STM32/bin/../lib/gcc/arm-none-eabi/13.3.1/../../../../arm-none-eabi/lib/thumb/v7e-m+fp/hard/libg_nano.a(libc_a-memchr.o)
 .ARM.exidx     0x080074d4        0x0 /home/administrator/st/stm32cubeclt_1.19.0_3/GNU-tools-for-STM32/bin/../lib/gcc/arm-none-eabi/13.3.1/../../../../arm-none-eabi/lib/thumb/v7e-m+fp/hard/libg_nano.a(libc_a-strlen.o)
                                  0x8 (size before relaxing)
                0x080074d4                        __exidx_end = .
                0x080074d4                        . = ALIGN (0x4)

.preinit_array  0x080074d4        0x0
                0x080074d4                        . = ALIGN (0x4)
                0x080074d4                        PROVIDE (__preinit_array_start = .)
 *(.preinit_array*)
                0x080074d4                        PROVIDE (__preinit_array_end = .)
                0x080074d4                        . = ALIGN (0x4)

.init_array     0x080074d4        0x4
                0x080074d4                        . = ALIGN (0x4)
                0x080074d4                        PROVIDE (__init_array_start = .)
 *(SORT_BY_NAME(.init_array.*))
 *(.init_array*)
 .init_array    0x080074d4        0x4 /home/administrator/st/stm32cubeclt_1.19.0_3/GNU-tools-for-STM32/bin/../lib/gcc/arm-none-eabi/13.3.1/thumb/v7e-m+fp/hard/crtbegin.o
                0x080074d8                        PROVIDE (__init_array_end = .)
                0x080074d8                        . = ALIGN (0x4)

.fini_array     0x080074d8        0x4
                0x080074d8                        . = ALIGN (0x4)
                [!provide]                        PROVIDE (__fini_array_start = .)
 *(SORT_BY_NAME(.fini_array.*))
 *(.fini_array*)
 .fini_array    0x080074d8        0x4 /home/administrator/st/stm32cubeclt_1.19.0_3/GNU-tools-for-STM32/bin/../lib/gcc/arm-none-eabi/13.3.1/thumb/v7e-m+fp/hard/crtbegin.o
                [!provide]                        PROVIDE (__fini_array_end = .)
                0x080074dc                        . = ALIGN (0x4)
                0x080074dc                        _siccmram = LOADADDR (.ccmram)

.rel.dyn        0x080074dc        0x0
 .rel.iplt      0x080074dc        0x0 /home/administrator/st/stm32cubeclt_1.19.0_3/GNU-tools-for-STM32/bin/../lib/gcc/arm-none-eabi/13.3.1/thumb/v7e-m+fp/hard/crtbegin.o

.ccmram         0x10000000        0x0 load address 0x080074dc
                0x10000000                        . = ALIGN (0x4)
                0x10000000                        _sccmram = .
 *(.ccmram)
 *(.ccmram*)
                0x10000000                        . = ALIGN (0x4)
                0x10000000                        _eccmram = .
                0x080074dc                        _sidata = LOADADDR (.data)

.data           0x20000000      0x1d4 load address 0x080074dc
                0x20000000                        . = ALIGN (0x4)
                0x20000000                        _sdata = .
 *(.data)
 *(.data*)
 .data.SystemCoreClock
                0x20000000        0x4 cmake/stm32cubemx/CMakeFiles/STM32_Drivers.dir/__/__/Core/Src/system_stm32f3xx.c.obj
                0x20000000                SystemCoreClock
 .data.uwTickPrio
                0x20000004        0x4 cmake/stm32cubemx/CMakeFiles/STM32_Drivers.dir/__/__/Drivers/STM32F3xx_HAL_Driver/Src/stm32f3xx_hal.c.obj
                0x20000004                uwTickPrio
 .data.uwTickFreq
                0x20000008        0x1 cmake/stm32cubemx/CMakeFiles/STM32_Drivers.dir/__/__/Drivers/STM32F3xx_HAL_Driver/Src/stm32f3xx_hal.c.obj
                0x20000008                uwTickFreq
 *fill*         0x20000009        0x3 
 .data.__sglue  0x2000000c        0xc /home/administrator/st/stm32cubeclt_1.19.0_3/GNU-tools-for-STM32/bin/../lib/gcc/arm-none-eabi/13.3.1/../../../../arm-none-eabi/lib/thumb/v7e-m+fp/hard/libg_nano.a(libc_a-findfp.o)
                0x2000000c                __sglue
 .data._impure_ptr
                0x20000018        0x4 /home/administrator/st/stm32cubeclt_1.19.0_3/GNU-tools-for-STM32/bin/../lib/gcc/arm-none-eabi/13.3.1/../../../../arm-none-eabi/lib/thumb/v7e-m+fp/hard/libg_nano.a(libc_a-impure.o)
                0x20000018                _impure_ptr
 .data._impure_data
                0x2000001c       0x4c /home/administrator/st/stm32cubeclt_1.19.0_3/GNU-tools-for-STM32/bin/../lib/gcc/arm-none-eabi/13.3.1/../../../../arm-none-eabi/lib/thumb/v7e-m+fp/hard/libg_nano.a(libc_a-impure.o)
                0x2000001c                _impure_data
 .data.__global_locale
                0x20000068      0x16c /home/administrator/st/stm32cubeclt_1.19.0_3/GNU-tools-for-STM32/bin/../lib/gcc/arm-none-eabi/13.3.1/../../../../arm-none-eabi/lib/thumb/v7e-m+fp/hard/libg_nano.a(libc_a-locale.o)
                0x20000068                __global_locale
 *(.RamFunc)
 *(.RamFunc*)
                0x200001d4                        . = ALIGN (0x4)

.igot.plt       0x200001d4        0x0 load address 0x080076b0
 .igot.plt      0x200001d4        0x0 /home/administrator/st/stm32cubeclt_1.19.0_3/GNU-tools-for-STM32/bin/../lib/gcc/arm-none-eabi/13.3.1/thumb/v7e-m+fp/hard/crtbegin.o

.tdata          0x200001d4        0x0 load address 0x080076b0
 *(.tdata .tdata.* .gnu.linkonce.td.*)
                0x200001d4                        . = ALIGN (0x4)
                0x200001d4                        _edata = .
                [!provide]                        PROVIDE (__data_end = .)
                [!provide]                        PROVIDE (__tdata_end = .)
                [!provide]                        PROVIDE (__tdata_start = ADDR (.tdata))
                [!provide]                        PROVIDE (__tdata_size = (__tdata_end - __tdata_start))
                [!provide]                        PROVIDE (__data_start = ADDR (.data))
                [!provide]                        PROVIDE (__data_size = (__data_end - __data_start))
                [!provide]                        PROVIDE (__tdata_source = LOADADDR (.tdata))
                [!provide]                        PROVIDE (__tdata_source_end = (LOADADDR (.tdata) + SIZEOF (.tdata)))
                [!provide]                        PROVIDE (__tdata_source_size = (__tdata_source_end - __tdata_source))
                [!provide]                        PROVIDE (__data_source = LOADADDR (.data))
                [!provide]                        PROVIDE (__data_source_end = __tdata_source_end)
                [!provide]                        PROVIDE (__data_source_size = (__data_source_end - __data_source))

.tbss           0x200001d4        0x0 load address 0x080076b0
                0x200001d4                        _sbss = .
                0x200001d4                        __bss_start__ = _sbss
 *(.tbss .tbss.*)
                0x200001d4                        . = ALIGN (0x4)
                [!provide]                        PROVIDE (__tbss_end = .)
                [!provide]                        PROVIDE (__tbss_start = ADDR (.tbss))
                [!provide]                        PROVIDE (__tbss_size = (__tbss_end - __tbss_start))
                [!provide]                        PROVIDE (__tbss_offset = (ADDR (.tbss) - ADDR (.tdata)))
                [!provide]                        PROVIDE (__tls_base = __tdata_start)
                [!provide]                        PROVIDE (__tls_end = __tbss_end)
                [!provide]                        PROVIDE (__tls_size = (__tls_end - __tls_base))
                [!provide]                        PROVIDE (__tls_align = MAX (ALIGNOF (.tdata), ALIGNOF (.tbss)))
                [!provide]                        PROVIDE (__tls_size_align = (((__tls_size + __tls_align) - 0x1) & ~ ((__tls_align - 0x1))))
                [!provide]                        PROVIDE (__arm32_tls_tcb_offset = MAX (0x8, __tls_align))
                [!provide]                        PROVIDE (__arm64_tls_tcb_offset = MAX (0x10, __tls_align))

.bss            0x200001d4      0x584 load address 0x080076b0
 *(.bss)
 .bss           0x200001d4       0x1c /home/administrator/st/stm32cubeclt_1.19.0_3/GNU-tools-for-STM32/bin/../lib/gcc/arm-none-eabi/13.3.1/thumb/v7e-m+fp/hard/crtbegin.o
 *(.bss*)
 .bss.uwTick    0x200001f0        0x4 cmake/stm32cubemx/CMakeFiles/STM32_Drivers.dir/__/__/Drivers/STM32F3xx_HAL_Driver/Src/stm32f3xx_hal.c.obj
                0x200001f0                uwTick
 .bss.hi2c1     0x200001f4       0x54 CMakeFiles/lab2.dir/Core/Src/main.c.obj
                0x200001f4                hi2c1
 .bss.hspi1     0x20000248       0x64 CMakeFiles/lab2.dir/Core/Src/main.c.obj
                0x20000248                hspi1
 .bss.huart2    0x200002ac       0x88 CMakeFiles/lab2.dir/Core/Src/main.c.obj
                0x200002ac                huart2
 .bss.hpcd_USB_FS
                0x20000334      0x2d4 CMakeFiles/lab2.dir/Core/Src/main.c.obj
                0x20000334                hpcd_USB_FS
 .bss.__sbrk_heap_end
                0x20000608        0x4 CMakeFiles/lab2.dir/Core/Src/sysmem.c.obj
 .bss.__sf      0x2000060c      0x138 /home/administrator/st/stm32cubeclt_1.19.0_3/GNU-tools-for-STM32/bin/../lib/gcc/arm-none-eabi/13.3.1/../../../../arm-none-eabi/lib/thumb/v7e-m+fp/hard/libg_nano.a(libc_a-findfp.o)
                0x2000060c                __sf
 .bss.__stdio_exit_handler
                0x20000744        0x4 /home/administrator/st/stm32cubeclt_1.19.0_3/GNU-tools-for-STM32/bin/../lib/gcc/arm-none-eabi/13.3.1/../../../../arm-none-eabi/lib/thumb/v7e-m+fp/hard/libg_nano.a(libc_a-findfp.o)
                0x20000744                __stdio_exit_handler
 .bss.errno     0x20000748        0x4 /home/administrator/st/stm32cubeclt_1.19.0_3/GNU-tools-for-STM32/bin/../lib/gcc/arm-none-eabi/13.3.1/../../../../arm-none-eabi/lib/thumb/v7e-m+fp/hard/libg_nano.a(libc_a-reent.o)
                0x20000748                errno
 .bss.__lock___malloc_recursive_mutex
                0x2000074c        0x1 /home/administrator/st/stm32cubeclt_1.19.0_3/GNU-tools-for-STM32/bin/../lib/gcc/arm-none-eabi/13.3.1/../../../../arm-none-eabi/lib/thumb/v7e-m+fp/hard/libg_nano.a(libc_a-lock.o)
                0x2000074c                __lock___malloc_recursive_mutex
 .bss.__lock___sfp_recursive_mutex
                0x2000074d        0x1 /home/administrator/st/stm32cubeclt_1.19.0_3/GNU-tools-for-STM32/bin/../lib/gcc/arm-none-eabi/13.3.1/../../../../arm-none-eabi/lib/thumb/v7e-m+fp/hard/libg_nano.a(libc_a-lock.o)
                0x2000074d                __lock___sfp_recursive_mutex
 *fill*         0x2000074e        0x2 
 .bss.__malloc_sbrk_start
                0x20000750        0x4 /home/administrator/st/stm32cubeclt_1.19.0_3/GNU-tools-for-STM32/bin/../lib/gcc/arm-none-eabi/13.3.1/../../../../arm-none-eabi/lib/thumb/v7e-m+fp/hard/libg_nano.a(libc_a-mallocr.o)
                0x20000750                __malloc_sbrk_start
 .bss.__malloc_free_list
                0x20000754        0x4 /home/administrator/st/stm32cubeclt_1.19.0_3/GNU-tools-for-STM32/bin/../lib/gcc/arm-none-eabi/13.3.1/../../../../arm-none-eabi/lib/thumb/v7e-m+fp/hard/libg_nano.a(libc_a-mallocr.o)
                0x20000754                __malloc_free_list
 *(COMMON)
                0x20000758                        . = ALIGN (0x4)
                0x20000758                        _ebss = .
                0x20000758                        __bss_end__ = _ebss
                [!provide]                        PROVIDE (__bss_end = .)
                [!provide]                        PROVIDE (__non_tls_bss_start = ADDR (.bss))
                [!provide]                        PROVIDE (__bss_start = __tbss_start)
                [!provide]                        PROVIDE (__bss_size = (__bss_end - __bss_start))

._user_heap_stack
                0x20000758      0x600 load address 0x080076b0
                0x20000758                        . = ALIGN (0x8)
                [!provide]                        PROVIDE (end = .)
                0x20000758                        PROVIDE (_end = .)
                0x20000958                        . = (. + _Min_Heap_Size)
 *fill*         0x20000758      0x200 
                0x20000d58                        . = (. + _Min_Stack_Size)
 *fill*         0x20000958      0x400 
                0x20000d58                        . = ALIGN (0x8)

/DISCARD/
 libc.a:*(*)
 libm.a:*(*)
 libgcc.a:*(*)
OUTPUT(lab2.elf elf32-littlearm)
LOAD linker stubs

.ARM.attributes
                0x00000000       0x30
 .ARM.attributes
                0x00000000       0x22 /home/administrator/st/stm32cubeclt_1.19.0_3/GNU-tools-for-STM32/bin/../lib/gcc/arm-none-eabi/13.3.1/thumb/v7e-m+fp/hard/crti.o
 .ARM.attributes
                0x00000022       0x34 /home/administrator/st/stm32cubeclt_1.19.0_3/GNU-tools-for-STM32/bin/../lib/gcc/arm-none-eabi/13.3.1/thumb/v7e-m+fp/hard/crtbegin.o
 .ARM.attributes
                0x00000056       0x34 cmake/stm32cubemx/CMakeFiles/STM32_Drivers.dir/__/__/Core/Src/system_stm32f3xx.c.obj
 .ARM.attributes
                0x0000008a       0x34 cmake/stm32cubemx/CMakeFiles/STM32_Drivers.dir/__/__/Drivers/STM32F3xx_HAL_Driver/Src/stm32f3xx_ll_usb.c.obj
 .ARM.attributes
                0x000000be       0x34 cmake/stm32cubemx/CMakeFiles/STM32_Drivers.dir/__/__/Drivers/STM32F3xx_HAL_Driver/Src/stm32f3xx_hal_i2c.c.obj
 .ARM.attributes
                0x000000f2       0x34 cmake/stm32cubemx/CMakeFiles/STM32_Drivers.dir/__/__/Drivers/STM32F3xx_HAL_Driver/Src/stm32f3xx_hal_i2c_ex.c.obj
 .ARM.attributes
                0x00000126       0x34 cmake/stm32cubemx/CMakeFiles/STM32_Drivers.dir/__/__/Drivers/STM32F3xx_HAL_Driver/Src/stm32f3xx_hal.c.obj
 .ARM.attributes
                0x0000015a       0x34 cmake/stm32cubemx/CMakeFiles/STM32_Drivers.dir/__/__/Drivers/STM32F3xx_HAL_Driver/Src/stm32f3xx_hal_rcc.c.obj
 .ARM.attributes
                0x0000018e       0x34 cmake/stm32cubemx/CMakeFiles/STM32_Drivers.dir/__/__/Drivers/STM32F3xx_HAL_Driver/Src/stm32f3xx_hal_rcc_ex.c.obj
 .ARM.attributes
                0x000001c2       0x34 cmake/stm32cubemx/CMakeFiles/STM32_Drivers.dir/__/__/Drivers/STM32F3xx_HAL_Driver/Src/stm32f3xx_hal_gpio.c.obj
 .ARM.attributes
                0x000001f6       0x34 cmake/stm32cubemx/CMakeFiles/STM32_Drivers.dir/__/__/Drivers/STM32F3xx_HAL_Driver/Src/stm32f3xx_hal_cortex.c.obj
 .ARM.attributes
                0x0000022a       0x34 cmake/stm32cubemx/CMakeFiles/STM32_Drivers.dir/__/__/Drivers/STM32F3xx_HAL_Driver/Src/stm32f3xx_hal_spi.c.obj
 .ARM.attributes
                0x0000025e       0x34 cmake/stm32cubemx/CMakeFiles/STM32_Drivers.dir/__/__/Drivers/STM32F3xx_HAL_Driver/Src/stm32f3xx_hal_uart.c.obj
 .ARM.attributes
                0x00000292       0x34 cmake/stm32cubemx/CMakeFiles/STM32_Drivers.dir/__/__/Drivers/STM32F3xx_HAL_Driver/Src/stm32f3xx_hal_pcd.c.obj
 .ARM.attributes
                0x000002c6       0x34 CMakeFiles/lab2.dir/Core/Src/main.c.obj
 .ARM.attributes
                0x000002fa       0x34 CMakeFiles/lab2.dir/Core/Src/stm32f3xx_it.c.obj
 .ARM.attributes
                0x0000032e       0x34 CMakeFiles/lab2.dir/Core/Src/stm32f3xx_hal_msp.c.obj
 .ARM.attributes
                0x00000362       0x34 CMakeFiles/lab2.dir/Core/Src/sysmem.c.obj
 .ARM.attributes
                0x00000396       0x34 CMakeFiles/lab2.dir/Core/Src/syscalls.c.obj
 .ARM.attributes
                0x000003ca       0x21 CMakeFiles/lab2.dir/startup_stm32f303xc.s.obj
 .ARM.attributes
                0x000003eb       0x34 /home/administrator/st/stm32cubeclt_1.19.0_3/GNU-tools-for-STM32/bin/../lib/gcc/arm-none-eabi/13.3.1/../../../../arm-none-eabi/lib/thumb/v7e-m+fp/hard/libg_nano.a(libc_a-nano-vfprintf_float.o)
 .ARM.attributes
                0x0000041f       0x34 /home/administrator/st/stm32cubeclt_1.19.0_3/GNU-tools-for-STM32/bin/../lib/gcc/arm-none-eabi/13.3.1/../../../../arm-none-eabi/lib/thumb/v7e-m+fp/hard/libg_nano.a(libc_a-nano-vfprintf_i.o)
 .ARM.attributes
                0x00000453       0x34 /home/administrator/st/stm32cubeclt_1.19.0_3/GNU-tools-for-STM32/bin/../lib/gcc/arm-none-eabi/13.3.1/../../../../arm-none-eabi/lib/thumb/v7e-m+fp/hard/libg_nano.a(libc_a-findfp.o)
 .ARM.attributes
                0x00000487       0x34 /home/administrator/st/stm32cubeclt_1.19.0_3/GNU-tools-for-STM32/bin/../lib/gcc/arm-none-eabi/13.3.1/../../../../arm-none-eabi/lib/thumb/v7e-m+fp/hard/libg_nano.a(libc_a-fwalk.o)
 .ARM.attributes
                0x000004bb       0x34 /home/administrator/st/stm32cubeclt_1.19.0_3/GNU-tools-for-STM32/bin/../lib/gcc/arm-none-eabi/13.3.1/../../../../arm-none-eabi/lib/thumb/v7e-m+fp/hard/libg_nano.a(libc_a-printf.o)
 .ARM.attributes
                0x000004ef       0x34 /home/administrator/st/stm32cubeclt_1.19.0_3/GNU-tools-for-STM32/bin/../lib/gcc/arm-none-eabi/13.3.1/../../../../arm-none-eabi/lib/thumb/v7e-m+fp/hard/libg_nano.a(libc_a-stdio.o)
 .ARM.attributes
                0x00000523       0x34 /home/administrator/st/stm32cubeclt_1.19.0_3/GNU-tools-for-STM32/bin/../lib/gcc/arm-none-eabi/13.3.1/../../../../arm-none-eabi/lib/thumb/v7e-m+fp/hard/libg_nano.a(libc_a-vsnprintf.o)
 .ARM.attributes
                0x00000557       0x34 /home/administrator/st/stm32cubeclt_1.19.0_3/GNU-tools-for-STM32/bin/../lib/gcc/arm-none-eabi/13.3.1/../../../../arm-none-eabi/lib/thumb/v7e-m+fp/hard/libg_nano.a(libc_a-memset.o)
 .ARM.attributes
                0x0000058b       0x34 /home/administrator/st/stm32cubeclt_1.19.0_3/GNU-tools-for-STM32/bin/../lib/gcc/arm-none-eabi/13.3.1/../../../../arm-none-eabi/lib/thumb/v7e-m+fp/hard/libg_nano.a(libc_a-localeconv.o)
 .ARM.attributes
                0x000005bf       0x34 /home/administrator/st/stm32cubeclt_1.19.0_3/GNU-tools-for-STM32/bin/../lib/gcc/arm-none-eabi/13.3.1/../../../../arm-none-eabi/lib/thumb/v7e-m+fp/hard/libg_nano.a(libc_a-closer.o)
 .ARM.attributes
                0x000005f3       0x34 /home/administrator/st/stm32cubeclt_1.19.0_3/GNU-tools-for-STM32/bin/../lib/gcc/arm-none-eabi/13.3.1/../../../../arm-none-eabi/lib/thumb/v7e-m+fp/hard/libg_nano.a(libc_a-reent.o)
 .ARM.attributes
                0x00000627       0x34 /home/administrator/st/stm32cubeclt_1.19.0_3/GNU-tools-for-STM32/bin/../lib/gcc/arm-none-eabi/13.3.1/../../../../arm-none-eabi/lib/thumb/v7e-m+fp/hard/libg_nano.a(libc_a-impure.o)
 .ARM.attributes
                0x0000065b       0x34 /home/administrator/st/stm32cubeclt_1.19.0_3/GNU-tools-for-STM32/bin/../lib/gcc/arm-none-eabi/13.3.1/../../../../arm-none-eabi/lib/thumb/v7e-m+fp/hard/libg_nano.a(libc_a-lseekr.o)
 .ARM.attributes
                0x0000068f       0x34 /home/administrator/st/stm32cubeclt_1.19.0_3/GNU-tools-for-STM32/bin/../lib/gcc/arm-none-eabi/13.3.1/../../../../arm-none-eabi/lib/thumb/v7e-m+fp/hard/libg_nano.a(libc_a-readr.o)
 .ARM.attributes
                0x000006c3       0x34 /home/administrator/st/stm32cubeclt_1.19.0_3/GNU-tools-for-STM32/bin/../lib/gcc/arm-none-eabi/13.3.1/../../../../arm-none-eabi/lib/thumb/v7e-m+fp/hard/libg_nano.a(libc_a-writer.o)
 .ARM.attributes
                0x000006f7       0x34 /home/administrator/st/stm32cubeclt_1.19.0_3/GNU-tools-for-STM32/bin/../lib/gcc/arm-none-eabi/13.3.1/../../../../arm-none-eabi/lib/thumb/v7e-m+fp/hard/libg_nano.a(libc_a-errno.o)
 .ARM.attributes
                0x0000072b       0x34 /home/administrator/st/stm32cubeclt_1.19.0_3/GNU-tools-for-STM32/bin/../lib/gcc/arm-none-eabi/13.3.1/../../../../arm-none-eabi/lib/thumb/v7e-m+fp/hard/libg_nano.a(libc_a-init.o)
 .ARM.attributes
                0x0000075f       0x34 /home/administrator/st/stm32cubeclt_1.19.0_3/GNU-tools-for-STM32/bin/../lib/gcc/arm-none-eabi/13.3.1/../../../../arm-none-eabi/lib/thumb/v7e-m+fp/hard/libg_nano.a(libc_a-lock.o)
 .ARM.attributes
                0x00000793       0x1c /home/administrator/st/stm32cubeclt_1.19.0_3/GNU-tools-for-STM32/bin/../lib/gcc/arm-none-eabi/13.3.1/../../../../arm-none-eabi/lib/thumb/v7e-m+fp/hard/libg_nano.a(libc_a-memchr.o)
 .ARM.attributes
                0x000007af       0x17 /home/administrator/st/stm32cubeclt_1.19.0_3/GNU-tools-for-STM32/bin/../lib/gcc/arm-none-eabi/13.3.1/../../../../arm-none-eabi/lib/thumb/v7e-m+fp/hard/libg_nano.a(libc_a-strlen.o)
 .ARM.attributes
                0x000007c6       0x34 /home/administrator/st/stm32cubeclt_1.19.0_3/GNU-tools-for-STM32/bin/../lib/gcc/arm-none-eabi/13.3.1/../../../../arm-none-eabi/lib/thumb/v7e-m+fp/hard/libg_nano.a(libc_a-dtoa.o)
 .ARM.attributes
                0x000007fa       0x34 /home/administrator/st/stm32cubeclt_1.19.0_3/GNU-tools-for-STM32/bin/../lib/gcc/arm-none-eabi/13.3.1/../../../../arm-none-eabi/lib/thumb/v7e-m+fp/hard/libg_nano.a(libc_a-freer.o)
 .ARM.attributes
                0x0000082e       0x34 /home/administrator/st/stm32cubeclt_1.19.0_3/GNU-tools-for-STM32/bin/../lib/gcc/arm-none-eabi/13.3.1/../../../../arm-none-eabi/lib/thumb/v7e-m+fp/hard/libg_nano.a(libc_a-malloc.o)
 .ARM.attributes
                0x00000862       0x34 /home/administrator/st/stm32cubeclt_1.19.0_3/GNU-tools-for-STM32/bin/../lib/gcc/arm-none-eabi/13.3.1/../../../../arm-none-eabi/lib/thumb/v7e-m+fp/hard/libg_nano.a(libc_a-mallocr.o)
 .ARM.attributes
                0x00000896       0x34 /home/administrator/st/stm32cubeclt_1.19.0_3/GNU-tools-for-STM32/bin/../lib/gcc/arm-none-eabi/13.3.1/../../../../arm-none-eabi/lib/thumb/v7e-m+fp/hard/libg_nano.a(libc_a-mlock.o)
 .ARM.attributes
                0x000008ca       0x34 /home/administrator/st/stm32cubeclt_1.19.0_3/GNU-tools-for-STM32/bin/../lib/gcc/arm-none-eabi/13.3.1/../../../../arm-none-eabi/lib/thumb/v7e-m+fp/hard/libg_nano.a(libc_a-mprec.o)
 .ARM.attributes
                0x000008fe       0x34 /home/administrator/st/stm32cubeclt_1.19.0_3/GNU-tools-for-STM32/bin/../lib/gcc/arm-none-eabi/13.3.1/../../../../arm-none-eabi/lib/thumb/v7e-m+fp/hard/libg_nano.a(libc_a-nano-svfprintf.o)
 .ARM.attributes
                0x00000932       0x34 /home/administrator/st/stm32cubeclt_1.19.0_3/GNU-tools-for-STM32/bin/../lib/gcc/arm-none-eabi/13.3.1/../../../../arm-none-eabi/lib/thumb/v7e-m+fp/hard/libg_nano.a(libc_a-nano-vfprintf.o)
 .ARM.attributes
                0x00000966       0x34 /home/administrator/st/stm32cubeclt_1.19.0_3/GNU-tools-for-STM32/bin/../lib/gcc/arm-none-eabi/13.3.1/../../../../arm-none-eabi/lib/thumb/v7e-m+fp/hard/libg_nano.a(libc_a-fflush.o)
 .ARM.attributes
                0x0000099a       0x34 /home/administrator/st/stm32cubeclt_1.19.0_3/GNU-tools-for-STM32/bin/../lib/gcc/arm-none-eabi/13.3.1/../../../../arm-none-eabi/lib/thumb/v7e-m+fp/hard/libg_nano.a(libc_a-wbuf.o)
 .ARM.attributes
                0x000009ce       0x34 /home/administrator/st/stm32cubeclt_1.19.0_3/GNU-tools-for-STM32/bin/../lib/gcc/arm-none-eabi/13.3.1/../../../../arm-none-eabi/lib/thumb/v7e-m+fp/hard/libg_nano.a(libc_a-wsetup.o)
 .ARM.attributes
                0x00000a02       0x34 /home/administrator/st/stm32cubeclt_1.19.0_3/GNU-tools-for-STM32/bin/../lib/gcc/arm-none-eabi/13.3.1/../../../../arm-none-eabi/lib/thumb/v7e-m+fp/hard/libg_nano.a(libc_a-memmove.o)
 .ARM.attributes
                0x00000a36       0x34 /home/administrator/st/stm32cubeclt_1.19.0_3/GNU-tools-for-STM32/bin/../lib/gcc/arm-none-eabi/13.3.1/../../../../arm-none-eabi/lib/thumb/v7e-m+fp/hard/libg_nano.a(libc_a-locale.o)
 .ARM.attributes
                0x00000a6a       0x34 /home/administrator/st/stm32cubeclt_1.19.0_3/GNU-tools-for-STM32/bin/../lib/gcc/arm-none-eabi/13.3.1/../../../../arm-none-eabi/lib/thumb/v7e-m+fp/hard/libg_nano.a(libc_a-sbrkr.o)
 .ARM.attributes
                0x00000a9e       0x34 /home/administrator/st/stm32cubeclt_1.19.0_3/GNU-tools-for-STM32/bin/../lib/gcc/arm-none-eabi/13.3.1/../../../../arm-none-eabi/lib/thumb/v7e-m+fp/hard/libg_nano.a(libc_a-memcpy-stub.o)
 .ARM.attributes
                0x00000ad2       0x34 /home/administrator/st/stm32cubeclt_1.19.0_3/GNU-tools-for-STM32/bin/../lib/gcc/arm-none-eabi/13.3.1/../../../../arm-none-eabi/lib/thumb/v7e-m+fp/hard/libg_nano.a(libc_a-assert.o)
 .ARM.attributes
                0x00000b06       0x34 /home/administrator/st/stm32cubeclt_1.19.0_3/GNU-tools-for-STM32/bin/../lib/gcc/arm-none-eabi/13.3.1/../../../../arm-none-eabi/lib/thumb/v7e-m+fp/hard/libg_nano.a(libc_a-callocr.o)
 .ARM.attributes
                0x00000b3a       0x34 /home/administrator/st/stm32cubeclt_1.19.0_3/GNU-tools-for-STM32/bin/../lib/gcc/arm-none-eabi/13.3.1/../../../../arm-none-eabi/lib/thumb/v7e-m+fp/hard/libg_nano.a(libc_a-mbtowc_r.o)
 .ARM.attributes
                0x00000b6e       0x34 /home/administrator/st/stm32cubeclt_1.19.0_3/GNU-tools-for-STM32/bin/../lib/gcc/arm-none-eabi/13.3.1/../../../../arm-none-eabi/lib/thumb/v7e-m+fp/hard/libg_nano.a(libc_a-reallocr.o)
 .ARM.attributes
                0x00000ba2       0x34 /home/administrator/st/stm32cubeclt_1.19.0_3/GNU-tools-for-STM32/bin/../lib/gcc/arm-none-eabi/13.3.1/../../../../arm-none-eabi/lib/thumb/v7e-m+fp/hard/libg_nano.a(libc_a-wctomb_r.o)
 .ARM.attributes
                0x00000bd6       0x34 /home/administrator/st/stm32cubeclt_1.19.0_3/GNU-tools-for-STM32/bin/../lib/gcc/arm-none-eabi/13.3.1/../../../../arm-none-eabi/lib/thumb/v7e-m+fp/hard/libg_nano.a(libc_a-ctype_.o)
 .ARM.attributes
                0x00000c0a       0x34 /home/administrator/st/stm32cubeclt_1.19.0_3/GNU-tools-for-STM32/bin/../lib/gcc/arm-none-eabi/13.3.1/../../../../arm-none-eabi/lib/thumb/v7e-m+fp/hard/libg_nano.a(libc_a-fprintf.o)
 .ARM.attributes
                0x00000c3e       0x34 /home/administrator/st/stm32cubeclt_1.19.0_3/GNU-tools-for-STM32/bin/../lib/gcc/arm-none-eabi/13.3.1/../../../../arm-none-eabi/lib/thumb/v7e-m+fp/hard/libg_nano.a(libc_a-makebuf.o)
 .ARM.attributes
                0x00000c72       0x34 /home/administrator/st/stm32cubeclt_1.19.0_3/GNU-tools-for-STM32/bin/../lib/gcc/arm-none-eabi/13.3.1/../../../../arm-none-eabi/lib/thumb/v7e-m+fp/hard/libg_nano.a(libc_a-fstatr.o)
 .ARM.attributes
                0x00000ca6       0x34 /home/administrator/st/stm32cubeclt_1.19.0_3/GNU-tools-for-STM32/bin/../lib/gcc/arm-none-eabi/13.3.1/../../../../arm-none-eabi/lib/thumb/v7e-m+fp/hard/libg_nano.a(libc_a-isattyr.o)
 .ARM.attributes
                0x00000cda       0x34 /home/administrator/st/stm32cubeclt_1.19.0_3/GNU-tools-for-STM32/bin/../lib/gcc/arm-none-eabi/13.3.1/../../../../arm-none-eabi/lib/thumb/v7e-m+fp/hard/libg_nano.a(libc_a-abort.o)
 .ARM.attributes
                0x00000d0e       0x34 /home/administrator/st/stm32cubeclt_1.19.0_3/GNU-tools-for-STM32/bin/../lib/gcc/arm-none-eabi/13.3.1/../../../../arm-none-eabi/lib/thumb/v7e-m+fp/hard/libg_nano.a(libc_a-msizer.o)
 .ARM.attributes
                0x00000d42       0x34 /home/administrator/st/stm32cubeclt_1.19.0_3/GNU-tools-for-STM32/bin/../lib/gcc/arm-none-eabi/13.3.1/../../../../arm-none-eabi/lib/thumb/v7e-m+fp/hard/libg_nano.a(libc_a-signal.o)
 .ARM.attributes
                0x00000d76       0x34 /home/administrator/st/stm32cubeclt_1.19.0_3/GNU-tools-for-STM32/bin/../lib/gcc/arm-none-eabi/13.3.1/../../../../arm-none-eabi/lib/thumb/v7e-m+fp/hard/libg_nano.a(libc_a-signalr.o)
 .ARM.attributes
                0x00000daa       0x22 /home/administrator/st/stm32cubeclt_1.19.0_3/GNU-tools-for-STM32/bin/../lib/gcc/arm-none-eabi/13.3.1/thumb/v7e-m+fp/hard/libgcc.a(_arm_addsubdf3.o)
 .ARM.attributes
                0x00000dcc       0x22 /home/administrator/st/stm32cubeclt_1.19.0_3/GNU-tools-for-STM32/bin/../lib/gcc/arm-none-eabi/13.3.1/thumb/v7e-m+fp/hard/libgcc.a(_arm_muldivdf3.o)
 .ARM.attributes
                0x00000dee       0x22 /home/administrator/st/stm32cubeclt_1.19.0_3/GNU-tools-for-STM32/bin/../lib/gcc/arm-none-eabi/13.3.1/thumb/v7e-m+fp/hard/libgcc.a(_arm_cmpdf2.o)
 .ARM.attributes
                0x00000e10       0x22 /home/administrator/st/stm32cubeclt_1.19.0_3/GNU-tools-for-STM32/bin/../lib/gcc/arm-none-eabi/13.3.1/thumb/v7e-m+fp/hard/libgcc.a(_arm_unorddf2.o)
 .ARM.attributes
                0x00000e32       0x22 /home/administrator/st/stm32cubeclt_1.19.0_3/GNU-tools-for-STM32/bin/../lib/gcc/arm-none-eabi/13.3.1/thumb/v7e-m+fp/hard/libgcc.a(_arm_fixdfsi.o)
 .ARM.attributes
                0x00000e54       0x22 /home/administrator/st/stm32cubeclt_1.19.0_3/GNU-tools-for-STM32/bin/../lib/gcc/arm-none-eabi/13.3.1/thumb/v7e-m+fp/hard/crtn.o

.comment        0x00000000       0x43
 .comment       0x00000000       0x43 cmake/stm32cubemx/CMakeFiles/STM32_Drivers.dir/__/__/Core/Src/system_stm32f3xx.c.obj
                                 0x44 (size before relaxing)
 .comment       0x00000043       0x44 cmake/stm32cubemx/CMakeFiles/STM32_Drivers.dir/__/__/Drivers/STM32F3xx_HAL_Driver/Src/stm32f3xx_ll_usb.c.obj
 .comment       0x00000043       0x44 cmake/stm32cubemx/CMakeFiles/STM32_Drivers.dir/__/__/Drivers/STM32F3xx_HAL_Driver/Src/stm32f3xx_hal_i2c.c.obj
 .comment       0x00000043       0x44 cmake/stm32cubemx/CMakeFiles/STM32_Drivers.dir/__/__/Drivers/STM32F3xx_HAL_Driver/Src/stm32f3xx_hal_i2c_ex.c.obj
 .comment       0x00000043       0x44 cmake/stm32cubemx/CMakeFiles/STM32_Drivers.dir/__/__/Drivers/STM32F3xx_HAL_Driver/Src/stm32f3xx_hal.c.obj
 .comment       0x00000043       0x44 cmake/stm32cubemx/CMakeFiles/STM32_Drivers.dir/__/__/Drivers/STM32F3xx_HAL_Driver/Src/stm32f3xx_hal_rcc.c.obj
 .comment       0x00000043       0x44 cmake/stm32cubemx/CMakeFiles/STM32_Drivers.dir/__/__/Drivers/STM32F3xx_HAL_Driver/Src/stm32f3xx_hal_rcc_ex.c.obj
 .comment       0x00000043       0x44 cmake/stm32cubemx/CMakeFiles/STM32_Drivers.dir/__/__/Drivers/STM32F3xx_HAL_Driver/Src/stm32f3xx_hal_gpio.c.obj
 .comment       0x00000043       0x44 cmake/stm32cubemx/CMakeFiles/STM32_Drivers.dir/__/__/Drivers/STM32F3xx_HAL_Driver/Src/stm32f3xx_hal_cortex.c.obj
 .comment       0x00000043       0x44 cmake/stm32cubemx/CMakeFiles/STM32_Drivers.dir/__/__/Drivers/STM32F3xx_HAL_Driver/Src/stm32f3xx_hal_spi.c.obj
 .comment       0x00000043       0x44 cmake/stm32cubemx/CMakeFiles/STM32_Drivers.dir/__/__/Drivers/STM32F3xx_HAL_Driver/Src/stm32f3xx_hal_uart.c.obj
 .comment       0x00000043       0x44 cmake/stm32cubemx/CMakeFiles/STM32_Drivers.dir/__/__/Drivers/STM32F3xx_HAL_Driver/Src/stm32f3xx_hal_pcd.c.obj
 .comment       0x00000043       0x44 CMakeFiles/lab2.dir/Core/Src/main.c.obj
 .comment       0x00000043       0x44 CMakeFiles/lab2.dir/Core/Src/stm32f3xx_it.c.obj
 .comment       0x00000043       0x44 CMakeFiles/lab2.dir/Core/Src/stm32f3xx_hal_msp.c.obj
 .comment       0x00000043       0x44 CMakeFiles/lab2.dir/Core/Src/sysmem.c.obj
 .comment       0x00000043       0x44 CMakeFiles/lab2.dir/Core/Src/syscalls.c.obj
 .comment       0x00000043       0x44 /home/administrator/st/stm32cubeclt_1.19.0_3/GNU-tools-for-STM32/bin/../lib/gcc/arm-none-eabi/13.3.1/../../../../arm-none-eabi/lib/thumb/v7e-m+fp/hard/libg_nano.a(libc_a-nano-vfprintf_float.o)
 .comment       0x00000043       0x44 /home/administrator/st/stm32cubeclt_1.19.0_3/GNU-tools-for-STM32/bin/../lib/gcc/arm-none-eabi/13.3.1/../../../../arm-none-eabi/lib/thumb/v7e-m+fp/hard/libg_nano.a(libc_a-nano-vfprintf_i.o)
 .comment       0x00000043       0x44 /home/administrator/st/stm32cubeclt_1.19.0_3/GNU-tools-for-STM32/bin/../lib/gcc/arm-none-eabi/13.3.1/../../../../arm-none-eabi/lib/thumb/v7e-m+fp/hard/libg_nano.a(libc_a-findfp.o)
 .comment       0x00000043       0x44 /home/administrator/st/stm32cubeclt_1.19.0_3/GNU-tools-for-STM32/bin/../lib/gcc/arm-none-eabi/13.3.1/../../../../arm-none-eabi/lib/thumb/v7e-m+fp/hard/libg_nano.a(libc_a-fwalk.o)
 .comment       0x00000043       0x44 /home/administrator/st/stm32cubeclt_1.19.0_3/GNU-tools-for-STM32/bin/../lib/gcc/arm-none-eabi/13.3.1/../../../../arm-none-eabi/lib/thumb/v7e-m+fp/hard/libg_nano.a(libc_a-printf.o)
 .comment       0x00000043       0x44 /home/administrator/st/stm32cubeclt_1.19.0_3/GNU-tools-for-STM32/bin/../lib/gcc/arm-none-eabi/13.3.1/../../../../arm-none-eabi/lib/thumb/v7e-m+fp/hard/libg_nano.a(libc_a-stdio.o)
 .comment       0x00000043       0x44 /home/administrator/st/stm32cubeclt_1.19.0_3/GNU-tools-for-STM32/bin/../lib/gcc/arm-none-eabi/13.3.1/../../../../arm-none-eabi/lib/thumb/v7e-m+fp/hard/libg_nano.a(libc_a-vsnprintf.o)
 .comment       0x00000043       0x44 /home/administrator/st/stm32cubeclt_1.19.0_3/GNU-tools-for-STM32/bin/../lib/gcc/arm-none-eabi/13.3.1/../../../../arm-none-eabi/lib/thumb/v7e-m+fp/hard/libg_nano.a(libc_a-memset.o)
 .comment       0x00000043       0x44 /home/administrator/st/stm32cubeclt_1.19.0_3/GNU-tools-for-STM32/bin/../lib/gcc/arm-none-eabi/13.3.1/../../../../arm-none-eabi/lib/thumb/v7e-m+fp/hard/libg_nano.a(libc_a-localeconv.o)
 .comment       0x00000043       0x44 /home/administrator/st/stm32cubeclt_1.19.0_3/GNU-tools-for-STM32/bin/../lib/gcc/arm-none-eabi/13.3.1/../../../../arm-none-eabi/lib/thumb/v7e-m+fp/hard/libg_nano.a(libc_a-closer.o)
 .comment       0x00000043       0x44 /home/administrator/st/stm32cubeclt_1.19.0_3/GNU-tools-for-STM32/bin/../lib/gcc/arm-none-eabi/13.3.1/../../../../arm-none-eabi/lib/thumb/v7e-m+fp/hard/libg_nano.a(libc_a-reent.o)
 .comment       0x00000043       0x44 /home/administrator/st/stm32cubeclt_1.19.0_3/GNU-tools-for-STM32/bin/../lib/gcc/arm-none-eabi/13.3.1/../../../../arm-none-eabi/lib/thumb/v7e-m+fp/hard/libg_nano.a(libc_a-impure.o)
 .comment       0x00000043       0x44 /home/administrator/st/stm32cubeclt_1.19.0_3/GNU-tools-for-STM32/bin/../lib/gcc/arm-none-eabi/13.3.1/../../../../arm-none-eabi/lib/thumb/v7e-m+fp/hard/libg_nano.a(libc_a-lseekr.o)
 .comment       0x00000043       0x44 /home/administrator/st/stm32cubeclt_1.19.0_3/GNU-tools-for-STM32/bin/../lib/gcc/arm-none-eabi/13.3.1/../../../../arm-none-eabi/lib/thumb/v7e-m+fp/hard/libg_nano.a(libc_a-readr.o)
 .comment       0x00000043       0x44 /home/administrator/st/stm32cubeclt_1.19.0_3/GNU-tools-for-STM32/bin/../lib/gcc/arm-none-eabi/13.3.1/../../../../arm-none-eabi/lib/thumb/v7e-m+fp/hard/libg_nano.a(libc_a-writer.o)
 .comment       0x00000043       0x44 /home/administrator/st/stm32cubeclt_1.19.0_3/GNU-tools-for-STM32/bin/../lib/gcc/arm-none-eabi/13.3.1/../../../../arm-none-eabi/lib/thumb/v7e-m+fp/hard/libg_nano.a(libc_a-errno.o)
 .comment       0x00000043       0x44 /home/administrator/st/stm32cubeclt_1.19.0_3/GNU-tools-for-STM32/bin/../lib/gcc/arm-none-eabi/13.3.1/../../../../arm-none-eabi/lib/thumb/v7e-m+fp/hard/libg_nano.a(libc_a-init.o)
 .comment       0x00000043       0x44 /home/administrator/st/stm32cubeclt_1.19.0_3/GNU-tools-for-STM32/bin/../lib/gcc/arm-none-eabi/13.3.1/../../../../arm-none-eabi/lib/thumb/v7e-m+fp/hard/libg_nano.a(libc_a-lock.o)
 .comment       0x00000043       0x44 /home/administrator/st/stm32cubeclt_1.19.0_3/GNU-tools-for-STM32/bin/../lib/gcc/arm-none-eabi/13.3.1/../../../../arm-none-eabi/lib/thumb/v7e-m+fp/hard/libg_nano.a(libc_a-dtoa.o)
 .comment       0x00000043       0x44 /home/administrator/st/stm32cubeclt_1.19.0_3/GNU-tools-for-STM32/bin/../lib/gcc/arm-none-eabi/13.3.1/../../../../arm-none-eabi/lib/thumb/v7e-m+fp/hard/libg_nano.a(libc_a-freer.o)
 .comment       0x00000043       0x44 /home/administrator/st/stm32cubeclt_1.19.0_3/GNU-tools-for-STM32/bin/../lib/gcc/arm-none-eabi/13.3.1/../../../../arm-none-eabi/lib/thumb/v7e-m+fp/hard/libg_nano.a(libc_a-malloc.o)
 .comment       0x00000043       0x44 /home/administrator/st/stm32cubeclt_1.19.0_3/GNU-tools-for-STM32/bin/../lib/gcc/arm-none-eabi/13.3.1/../../../../arm-none-eabi/lib/thumb/v7e-m+fp/hard/libg_nano.a(libc_a-mallocr.o)
 .comment       0x00000043       0x44 /home/administrator/st/stm32cubeclt_1.19.0_3/GNU-tools-for-STM32/bin/../lib/gcc/arm-none-eabi/13.3.1/../../../../arm-none-eabi/lib/thumb/v7e-m+fp/hard/libg_nano.a(libc_a-mlock.o)
 .comment       0x00000043       0x44 /home/administrator/st/stm32cubeclt_1.19.0_3/GNU-tools-for-STM32/bin/../lib/gcc/arm-none-eabi/13.3.1/../../../../arm-none-eabi/lib/thumb/v7e-m+fp/hard/libg_nano.a(libc_a-mprec.o)
 .comment       0x00000043       0x44 /home/administrator/st/stm32cubeclt_1.19.0_3/GNU-tools-for-STM32/bin/../lib/gcc/arm-none-eabi/13.3.1/../../../../arm-none-eabi/lib/thumb/v7e-m+fp/hard/libg_nano.a(libc_a-nano-svfprintf.o)
 .comment       0x00000043       0x44 /home/administrator/st/stm32cubeclt_1.19.0_3/GNU-tools-for-STM32/bin/../lib/gcc/arm-none-eabi/13.3.1/../../../../arm-none-eabi/lib/thumb/v7e-m+fp/hard/libg_nano.a(libc_a-nano-vfprintf.o)
 .comment       0x00000043       0x44 /home/administrator/st/stm32cubeclt_1.19.0_3/GNU-tools-for-STM32/bin/../lib/gcc/arm-none-eabi/13.3.1/../../../../arm-none-eabi/lib/thumb/v7e-m+fp/hard/libg_nano.a(libc_a-fflush.o)
 .comment       0x00000043       0x44 /home/administrator/st/stm32cubeclt_1.19.0_3/GNU-tools-for-STM32/bin/../lib/gcc/arm-none-eabi/13.3.1/../../../../arm-none-eabi/lib/thumb/v7e-m+fp/hard/libg_nano.a(libc_a-wbuf.o)
 .comment       0x00000043       0x44 /home/administrator/st/stm32cubeclt_1.19.0_3/GNU-tools-for-STM32/bin/../lib/gcc/arm-none-eabi/13.3.1/../../../../arm-none-eabi/lib/thumb/v7e-m+fp/hard/libg_nano.a(libc_a-wsetup.o)
 .comment       0x00000043       0x44 /home/administrator/st/stm32cubeclt_1.19.0_3/GNU-tools-for-STM32/bin/../lib/gcc/arm-none-eabi/13.3.1/../../../../arm-none-eabi/lib/thumb/v7e-m+fp/hard/libg_nano.a(libc_a-memmove.o)
 .comment       0x00000043       0x44 /home/administrator/st/stm32cubeclt_1.19.0_3/GNU-tools-for-STM32/bin/../lib/gcc/arm-none-eabi/13.3.1/../../../../arm-none-eabi/lib/thumb/v7e-m+fp/hard/libg_nano.a(libc_a-locale.o)
 .comment       0x00000043       0x44 /home/administrator/st/stm32cubeclt_1.19.0_3/GNU-tools-for-STM32/bin/../lib/gcc/arm-none-eabi/13.3.1/../../../../arm-none-eabi/lib/thumb/v7e-m+fp/hard/libg_nano.a(libc_a-sbrkr.o)
 .comment       0x00000043       0x44 /home/administrator/st/stm32cubeclt_1.19.0_3/GNU-tools-for-STM32/bin/../lib/gcc/arm-none-eabi/13.3.1/../../../../arm-none-eabi/lib/thumb/v7e-m+fp/hard/libg_nano.a(libc_a-memcpy-stub.o)
 .comment       0x00000043       0x44 /home/administrator/st/stm32cubeclt_1.19.0_3/GNU-tools-for-STM32/bin/../lib/gcc/arm-none-eabi/13.3.1/../../../../arm-none-eabi/lib/thumb/v7e-m+fp/hard/libg_nano.a(libc_a-assert.o)
 .comment       0x00000043       0x44 /home/administrator/st/stm32cubeclt_1.19.0_3/GNU-tools-for-STM32/bin/../lib/gcc/arm-none-eabi/13.3.1/../../../../arm-none-eabi/lib/thumb/v7e-m+fp/hard/libg_nano.a(libc_a-callocr.o)
 .comment       0x00000043       0x44 /home/administrator/st/stm32cubeclt_1.19.0_3/GNU-tools-for-STM32/bin/../lib/gcc/arm-none-eabi/13.3.1/../../../../arm-none-eabi/lib/thumb/v7e-m+fp/hard/libg_nano.a(libc_a-mbtowc_r.o)
 .comment       0x00000043       0x44 /home/administrator/st/stm32cubeclt_1.19.0_3/GNU-tools-for-STM32/bin/../lib/gcc/arm-none-eabi/13.3.1/../../../../arm-none-eabi/lib/thumb/v7e-m+fp/hard/libg_nano.a(libc_a-reallocr.o)